Archive member included to satisfy reference by file (symbol)

c:/st/stm32cubeide_1.9.0/stm32cubeide/plugins/com.st.stm32cube.ide.mcu.externaltools.gnu-tools-for-stm32.10.3-2021.10.win32_1.0.0.202111181127/tools/bin/../lib/gcc/arm-none-eabi/10.3.1/../../../../arm-none-eabi/lib/thumb/v7-m/nofp\libc_nano.a(lib_a-errno.o)
                              ./Core/Src/syscalls.o (__errno)
c:/st/stm32cubeide_1.9.0/stm32cubeide/plugins/com.st.stm32cube.ide.mcu.externaltools.gnu-tools-for-stm32.10.3-2021.10.win32_1.0.0.202111181127/tools/bin/../lib/gcc/arm-none-eabi/10.3.1/../../../../arm-none-eabi/lib/thumb/v7-m/nofp\libc_nano.a(lib_a-exit.o)
                              c:/st/stm32cubeide_1.9.0/stm32cubeide/plugins/com.st.stm32cube.ide.mcu.externaltools.gnu-tools-for-stm32.10.3-2021.10.win32_1.0.0.202111181127/tools/bin/../lib/gcc/arm-none-eabi/10.3.1/../../../../arm-none-eabi/lib/thumb/v7-m/nofp/crt0.o (exit)
c:/st/stm32cubeide_1.9.0/stm32cubeide/plugins/com.st.stm32cube.ide.mcu.externaltools.gnu-tools-for-stm32.10.3-2021.10.win32_1.0.0.202111181127/tools/bin/../lib/gcc/arm-none-eabi/10.3.1/../../../../arm-none-eabi/lib/thumb/v7-m/nofp\libc_nano.a(lib_a-impure.o)
                              c:/st/stm32cubeide_1.9.0/stm32cubeide/plugins/com.st.stm32cube.ide.mcu.externaltools.gnu-tools-for-stm32.10.3-2021.10.win32_1.0.0.202111181127/tools/bin/../lib/gcc/arm-none-eabi/10.3.1/../../../../arm-none-eabi/lib/thumb/v7-m/nofp\libc_nano.a(lib_a-exit.o) (_global_impure_ptr)
c:/st/stm32cubeide_1.9.0/stm32cubeide/plugins/com.st.stm32cube.ide.mcu.externaltools.gnu-tools-for-stm32.10.3-2021.10.win32_1.0.0.202111181127/tools/bin/../lib/gcc/arm-none-eabi/10.3.1/../../../../arm-none-eabi/lib/thumb/v7-m/nofp\libc_nano.a(lib_a-init.o)
                              c:/st/stm32cubeide_1.9.0/stm32cubeide/plugins/com.st.stm32cube.ide.mcu.externaltools.gnu-tools-for-stm32.10.3-2021.10.win32_1.0.0.202111181127/tools/bin/../lib/gcc/arm-none-eabi/10.3.1/../../../../arm-none-eabi/lib/thumb/v7-m/nofp/crt0.o (__libc_init_array)
c:/st/stm32cubeide_1.9.0/stm32cubeide/plugins/com.st.stm32cube.ide.mcu.externaltools.gnu-tools-for-stm32.10.3-2021.10.win32_1.0.0.202111181127/tools/bin/../lib/gcc/arm-none-eabi/10.3.1/../../../../arm-none-eabi/lib/thumb/v7-m/nofp\libc_nano.a(lib_a-memcpy-stub.o)
                              ./Core/Src/esp8266_mqtt.o (memcpy)
c:/st/stm32cubeide_1.9.0/stm32cubeide/plugins/com.st.stm32cube.ide.mcu.externaltools.gnu-tools-for-stm32.10.3-2021.10.win32_1.0.0.202111181127/tools/bin/../lib/gcc/arm-none-eabi/10.3.1/../../../../arm-none-eabi/lib/thumb/v7-m/nofp\libc_nano.a(lib_a-memset.o)
                              c:/st/stm32cubeide_1.9.0/stm32cubeide/plugins/com.st.stm32cube.ide.mcu.externaltools.gnu-tools-for-stm32.10.3-2021.10.win32_1.0.0.202111181127/tools/bin/../lib/gcc/arm-none-eabi/10.3.1/../../../../arm-none-eabi/lib/thumb/v7-m/nofp/crt0.o (memset)
c:/st/stm32cubeide_1.9.0/stm32cubeide/plugins/com.st.stm32cube.ide.mcu.externaltools.gnu-tools-for-stm32.10.3-2021.10.win32_1.0.0.202111181127/tools/bin/../lib/gcc/arm-none-eabi/10.3.1/../../../../arm-none-eabi/lib/thumb/v7-m/nofp\libc_nano.a(lib_a-printf.o)
                              ./Core/Src/main.o (printf)
c:/st/stm32cubeide_1.9.0/stm32cubeide/plugins/com.st.stm32cube.ide.mcu.externaltools.gnu-tools-for-stm32.10.3-2021.10.win32_1.0.0.202111181127/tools/bin/../lib/gcc/arm-none-eabi/10.3.1/../../../../arm-none-eabi/lib/thumb/v7-m/nofp\libc_nano.a(lib_a-puts.o)
                              ./Core/Src/main.o (puts)
c:/st/stm32cubeide_1.9.0/stm32cubeide/plugins/com.st.stm32cube.ide.mcu.externaltools.gnu-tools-for-stm32.10.3-2021.10.win32_1.0.0.202111181127/tools/bin/../lib/gcc/arm-none-eabi/10.3.1/../../../../arm-none-eabi/lib/thumb/v7-m/nofp\libc_nano.a(lib_a-sprintf.o)
                              ./Core/Src/esp8266_at.o (sprintf)
c:/st/stm32cubeide_1.9.0/stm32cubeide/plugins/com.st.stm32cube.ide.mcu.externaltools.gnu-tools-for-stm32.10.3-2021.10.win32_1.0.0.202111181127/tools/bin/../lib/gcc/arm-none-eabi/10.3.1/../../../../arm-none-eabi/lib/thumb/v7-m/nofp\libc_nano.a(lib_a-strcmp.o)
                              ./Core/Src/main.o (strcmp)
c:/st/stm32cubeide_1.9.0/stm32cubeide/plugins/com.st.stm32cube.ide.mcu.externaltools.gnu-tools-for-stm32.10.3-2021.10.win32_1.0.0.202111181127/tools/bin/../lib/gcc/arm-none-eabi/10.3.1/../../../../arm-none-eabi/lib/thumb/v7-m/nofp\libc_nano.a(lib_a-strlen.o)
                              ./Core/Src/esp8266_mqtt.o (strlen)
c:/st/stm32cubeide_1.9.0/stm32cubeide/plugins/com.st.stm32cube.ide.mcu.externaltools.gnu-tools-for-stm32.10.3-2021.10.win32_1.0.0.202111181127/tools/bin/../lib/gcc/arm-none-eabi/10.3.1/../../../../arm-none-eabi/lib/thumb/v7-m/nofp\libc_nano.a(lib_a-strstr.o)
                              ./Core/Src/esp8266_at.o (strstr)
[...]
Memory Configuration

Name             Origin             Length             Attributes
RAM              0x0000000020000000 0x0000000000005000 xrw
FLASH            0x0000000008000000 0x0000000000020000 xr
*default*        0x0000000000000000 0xffffffffffffffff

Linker script and memory map

LOAD c:/st/stm32cubeide_1.9.0/stm32cubeide/plugins/com.st.stm32cube.ide.mcu.externaltools.gnu-tools-for-stm32.10.3-2021.10.win32_1.0.0.202111181127/tools/bin/../lib/gcc/arm-none-eabi/10.3.1/thumb/v7-m/nofp/crti.o
LOAD c:/st/stm32cubeide_1.9.0/stm32cubeide/plugins/com.st.stm32cube.ide.mcu.externaltools.gnu-tools-for-stm32.10.3-2021.10.win32_1.0.0.202111181127/tools/bin/../lib/gcc/arm-none-eabi/10.3.1/thumb/v7-m/nofp/crtbegin.o
LOAD c:/st/stm32cubeide_1.9.0/stm32cubeide/plugins/com.st.stm32cube.ide.mcu.externaltools.gnu-tools-for-stm32.10.3-2021.10.win32_1.0.0.202111181127/tools/bin/../lib/gcc/arm-none-eabi/10.3.1/../../../../arm-none-eabi/lib/thumb/v7-m/nofp/crt0.o
LOAD ./Core/Src/esp8266_at.o
LOAD ./Core/Src/esp8266_mqtt.o
LOAD ./Core/Src/gpio.o
LOAD ./Core/Src/hal_temp_hum.o
LOAD ./Core/Src/main.o
LOAD ./Core/Src/stm32f1xx_hal_msp.o
LOAD ./Core/Src/stm32f1xx_it.o
LOAD ./Core/Src/syscalls.o
LOAD ./Core/Src/sysmem.o
LOAD ./Core/Src/system_stm32f1xx.o
LOAD ./Core/Src/tim.o
LOAD ./Core/Src/usart.o
LOAD ./Core/Startup/startup_stm32f103rbtx.o
LOAD ./Drivers/STM32F1xx_HAL_Driver/Src/stm32f1xx_hal.o
LOAD ./Drivers/STM32F1xx_HAL_Driver/Src/stm32f1xx_hal_cortex.o
LOAD ./Drivers/STM32F1xx_HAL_Driver/Src/stm32f1xx_hal_dma.o
LOAD ./Drivers/STM32F1xx_HAL_Driver/Src/stm32f1xx_hal_exti.o
LOAD ./Drivers/STM32F1xx_HAL_Driver/Src/stm32f1xx_hal_flash.o
LOAD ./Drivers/STM32F1xx_HAL_Driver/Src/stm32f1xx_hal_flash_ex.o
LOAD ./Drivers/STM32F1xx_HAL_Driver/Src/stm32f1xx_hal_gpio.o
LOAD ./Drivers/STM32F1xx_HAL_Driver/Src/stm32f1xx_hal_gpio_ex.o
LOAD ./Drivers/STM32F1xx_HAL_Driver/Src/stm32f1xx_hal_pwr.o
LOAD ./Drivers/STM32F1xx_HAL_Driver/Src/stm32f1xx_hal_rcc.o
LOAD ./Drivers/STM32F1xx_HAL_Driver/Src/stm32f1xx_hal_rcc_ex.o
LOAD ./Drivers/STM32F1xx_HAL_Driver/Src/stm32f1xx_hal_tim.o
LOAD ./Drivers/STM32F1xx_HAL_Driver/Src/stm32f1xx_hal_tim_ex.o
LOAD ./Drivers/STM32F1xx_HAL_Driver/Src/stm32f1xx_hal_uart.o
START GROUP
LOAD c:/st/stm32cubeide_1.9.0/stm32cubeide/plugins/com.st.stm32cube.ide.mcu.externaltools.gnu-tools-for-stm32.10.3-2021.10.win32_1.0.0.202111181127/tools/bin/../lib/gcc/arm-none-eabi/10.3.1/../../../../arm-none-eabi/lib/thumb/v7-m/nofp\libc_nano.a
LOAD c:/st/stm32cubeide_1.9.0/stm32cubeide/plugins/com.st.stm32cube.ide.mcu.externaltools.gnu-tools-for-stm32.10.3-2021.10.win32_1.0.0.202111181127/tools/bin/../lib/gcc/arm-none-eabi/10.3.1/../../../../arm-none-eabi/lib/thumb/v7-m/nofp\libm.a
END GROUP
START GROUP
LOAD c:/st/stm32cubeide_1.9.0/stm32cubeide/plugins/com.st.stm32cube.ide.mcu.externaltools.gnu-tools-for-stm32.10.3-2021.10.win32_1.0.0.202111181127/tools/bin/../lib/gcc/arm-none-eabi/10.3.1/thumb/v7-m/nofp\libgcc.a
LOAD c:/st/stm32cubeide_1.9.0/stm32cubeide/plugins/com.st.stm32cube.ide.mcu.externaltools.gnu-tools-for-stm32.10.3-2021.10.win32_1.0.0.202111181127/tools/bin/../lib/gcc/arm-none-eabi/10.3.1/../../../../arm-none-eabi/lib/thumb/v7-m/nofp\libc_nano.a
END GROUP
START GROUP
LOAD c:/st/stm32cubeide_1.9.0/stm32cubeide/plugins/com.st.stm32cube.ide.mcu.externaltools.gnu-tools-for-stm32.10.3-2021.10.win32_1.0.0.202111181127/tools/bin/../lib/gcc/arm-none-eabi/10.3.1/thumb/v7-m/nofp\libgcc.a
LOAD c:/st/stm32cubeide_1.9.0/stm32cubeide/plugins/com.st.stm32cube.ide.mcu.externaltools.gnu-tools-for-stm32.10.3-2021.10.win32_1.0.0.202111181127/tools/bin/../lib/gcc/arm-none-eabi/10.3.1/../../../../arm-none-eabi/lib/thumb/v7-m/nofp\libc_nano.a
LOAD c:/st/stm32cubeide_1.9.0/stm32cubeide/plugins/com.st.stm32cube.ide.mcu.externaltools.gnu-tools-for-stm32.10.3-2021.10.win32_1.0.0.202111181127/tools/bin/../lib/gcc/arm-none-eabi/10.3.1/../../../../arm-none-eabi/lib/thumb/v7-m/nofp\libnosys.a
END GROUP
START GROUP
LOAD c:/st/stm32cubeide_1.9.0/stm32cubeide/plugins/com.st.stm32cube.ide.mcu.externaltools.gnu-tools-for-stm32.10.3-2021.10.win32_1.0.0.202111181127/tools/bin/../lib/gcc/arm-none-eabi/10.3.1/thumb/v7-m/nofp\libgcc.a
LOAD c:/st/stm32cubeide_1.9.0/stm32cubeide/plugins/com.st.stm32cube.ide.mcu.externaltools.gnu-tools-for-stm32.10.3-2021.10.win32_1.0.0.202111181127/tools/bin/../lib/gcc/arm-none-eabi/10.3.1/../../../../arm-none-eabi/lib/thumb/v7-m/nofp\libc_nano.a
LOAD c:/st/stm32cubeide_1.9.0/stm32cubeide/plugins/com.st.stm32cube.ide.mcu.externaltools.gnu-tools-for-stm32.10.3-2021.10.win32_1.0.0.202111181127/tools/bin/../lib/gcc/arm-none-eabi/10.3.1/../../../../arm-none-eabi/lib/thumb/v7-m/nofp\libnosys.a
END GROUP
LOAD c:/st/stm32cubeide_1.9.0/stm32cubeide/plugins/com.st.stm32cube.ide.mcu.externaltools.gnu-tools-for-stm32.10.3-2021.10.win32_1.0.0.202111181127/tools/bin/../lib/gcc/arm-none-eabi/10.3.1/thumb/v7-m/nofp/crtend.o
LOAD c:/st/stm32cubeide_1.9.0/stm32cubeide/plugins/com.st.stm32cube.ide.mcu.externaltools.gnu-tools-for-stm32.10.3-2021.10.win32_1.0.0.202111181127/tools/bin/../lib/gcc/arm-none-eabi/10.3.1/thumb/v7-m/nofp/crtn.o
                0x0000000020005000                _estack = (ORIGIN (RAM) + LENGTH (RAM))
                0x0000000000000200                _Min_Heap_Size = 0x200
                0x0000000000000400                _Min_Stack_Size = 0x400

.isr_vector     0x0000000008000000      0x10c
                0x0000000008000000                . = ALIGN (0x4)
 *(.isr_vector)
 .isr_vector    0x0000000008000000      0x10c ./Core/Startup/startup_stm32f103rbtx.o
                0x0000000008000000                g_pfnVectors
                0x000000000800010c                . = ALIGN (0x4)

.text           0x000000000800010c     0x51dc
                0x000000000800010c                . = ALIGN (0x4)
 *(.text)
 .text          0x000000000800010c       0x40 c:/st/stm32cubeide_1.9.0/stm32cubeide/plugins/com.st.stm32cube.ide.mcu.externaltools.gnu-tools-for-stm32.10.3-2021.10.win32_1.0.0.202111181127/tools/bin/../lib/gcc/arm-none-eabi/10.3.1/thumb/v7-m/nofp/crtbegin.o
 .text          0x000000000800014c       0x14 c:/st/stm32cubeide_1.9.0/stm32cubeide/plugins/com.st.stm32cube.ide.mcu.externaltools.gnu-tools-for-stm32.10.3-2021.10.win32_1.0.0.202111181127/tools/bin/../lib/gcc/arm-none-eabi/10.3.1/../../../../arm-none-eabi/lib/thumb/v7-m/nofp\libc_nano.a(lib_a-strcmp.o)
                0x000000000800014c                strcmp
 .text          0x0000000008000160       0x10 c:/st/stm32cubeide_1.9.0/stm32cubeide/plugins/com.st.stm32cube.ide.mcu.externaltools.gnu-tools-for-stm32.10.3-2021.10.win32_1.0.0.202111181127/tools/bin/../lib/gcc/arm-none-eabi/10.3.1/../../../../arm-none-eabi/lib/thumb/v7-m/nofp\libc_nano.a(lib_a-strlen.o)
                0x0000000008000160                strlen
 *(.text*)
 .text.USART2_SendOneByte
                0x0000000008000170       0x34 ./Core/Src/esp8266_at.o
 .text.ESP8266_ATSendBuf
                0x00000000080001a4       0x40 ./Core/Src/esp8266_at.o
                0x00000000080001a4                ESP8266_ATSendBuf
 .text.ESP8266_ATSendString
                0x00000000080001e4       0x44 ./Core/Src/esp8266_at.o
                0x00000000080001e4                ESP8266_ATSendString
 .text.ESP8266_ExitUnvarnishedTrans
                0x0000000008000228       0x24 ./Core/Src/esp8266_at.o
                0x0000000008000228                ESP8266_ExitUnvarnishedTrans
 .text.FindStr  0x000000000800024c       0x54 ./Core/Src/esp8266_at.o
                0x000000000800024c                FindStr
 .text.ESP8266_Check
                0x00000000080002a0       0x54 ./Core/Src/esp8266_at.o
                0x00000000080002a0                ESP8266_Check
 .text.ESP8266_Init
                0x00000000080002f4       0x88 ./Core/Src/esp8266_at.o
                0x00000000080002f4                ESP8266_Init
 .text.ESP8266_ConnectAP
                0x000000000800037c       0xb8 ./Core/Src/esp8266_at.o
                0x000000000800037c                ESP8266_ConnectAP
 .text.ESP8266_OpenTransmission
                0x0000000008000434       0x54 ./Core/Src/esp8266_at.o
 .text.ESP8266_ConnectServer
                0x0000000008000488       0xe0 ./Core/Src/esp8266_at.o
                0x0000000008000488                ESP8266_ConnectServer
 .text.MQTT_SendBuf
                0x0000000008000568       0x1e ./Core/Src/esp8266_mqtt.o
                0x0000000008000568                MQTT_SendBuf
 *fill*         0x0000000008000586        0x2 
 .text.MQTT_Connect
                0x0000000008000588      0x32c ./Core/Src/esp8266_mqtt.o
                0x0000000008000588                MQTT_Connect
 .text.MQTT_SubscribeTopic
                0x00000000080008b4      0x1cc ./Core/Src/esp8266_mqtt.o
                0x00000000080008b4                MQTT_SubscribeTopic
 .text.MQTT_PublishData
                0x0000000008000a80      0x198 ./Core/Src/esp8266_mqtt.o
                0x0000000008000a80                MQTT_PublishData
 .text.MX_GPIO_Init
                0x0000000008000c18      0x11c ./Core/Src/gpio.o
                0x0000000008000c18                MX_GPIO_Init
 .text.delayUs  0x0000000008000d34       0x1a ./Core/Src/hal_temp_hum.o
                0x0000000008000d34                delayUs
 *fill*         0x0000000008000d4e        0x2 
 .text.DHT11_IO_OUT
                0x0000000008000d50       0x28 ./Core/Src/hal_temp_hum.o
                0x0000000008000d50                DHT11_IO_OUT
 .text.DHT11_IO_IN
                0x0000000008000d78       0x2c ./Core/Src/hal_temp_hum.o
                0x0000000008000d78                DHT11_IO_IN
 .text.dht11Rst
                0x0000000008000da4       0x30 ./Core/Src/hal_temp_hum.o
 .text.dht11Check
                0x0000000008000dd4       0x78 ./Core/Src/hal_temp_hum.o
 .text.dht11ReadBit
                0x0000000008000e4c       0x78 ./Core/Src/hal_temp_hum.o
 .text.dht11ReadByte
                0x0000000008000ec4       0x3a ./Core/Src/hal_temp_hum.o
 .text.dht11ReadData
                0x0000000008000efe       0x72 ./Core/Src/hal_temp_hum.o
 .text.dht11Read
                0x0000000008000f70      0x19c ./Core/Src/hal_temp_hum.o
                0x0000000008000f70                dht11Read
 .text.main     0x000000000800110c       0x8c ./Core/Src/main.o
                0x000000000800110c                main
 .text.SystemClock_Config
                0x0000000008001198       0x8a ./Core/Src/main.o
                0x0000000008001198                SystemClock_Config
 *fill*         0x0000000008001222        0x2 
 .text.HAL_UART_RxCpltCallback
                0x0000000008001224       0x54 ./Core/Src/main.o
                0x0000000008001224                HAL_UART_RxCpltCallback
 .text.KEY1_Pressed
                0x0000000008001278       0x18 ./Core/Src/main.o
                0x0000000008001278                KEY1_Pressed
 .text.KEY2_Pressed
                0x0000000008001290       0x14 ./Core/Src/main.o
                0x0000000008001290                KEY2_Pressed
 .text.HAL_GPIO_EXTI_Callback
                0x00000000080012a4       0x2c ./Core/Src/main.o
                0x00000000080012a4                HAL_GPIO_EXTI_Callback
 .text.Change_LED_Status
                0x00000000080012d0      0x180 ./Core/Src/main.o
                0x00000000080012d0                Change_LED_Status
 .text.Enter_ErrorMode
                0x0000000008001450       0x98 ./Core/Src/main.o
                0x0000000008001450                Enter_ErrorMode
 .text.ES8266_MQTT_Init
                0x00000000080014e8      0x108 ./Core/Src/main.o
                0x00000000080014e8                ES8266_MQTT_Init
 .text.STM32DHT11_StatusReport
                0x00000000080015f0       0x58 ./Core/Src/main.o
                0x00000000080015f0                STM32DHT11_StatusReport
 .text.ReadStrUnit
                0x0000000008001648       0x4c ./Core/Src/main.o
                0x0000000008001648                ReadStrUnit
 .text.GetSubStrPos
                0x0000000008001694       0x70 ./Core/Src/main.o
                0x0000000008001694                GetSubStrPos
 .text.deal_MQTT_message
                0x0000000008001704      0x218 ./Core/Src/main.o
                0x0000000008001704                deal_MQTT_message
 .text.Error_Handler
                0x000000000800191c        0xa ./Core/Src/main.o
                0x000000000800191c                Error_Handler
 *fill*         0x0000000008001926        0x2 
 .text.HAL_MspInit
                0x0000000008001928       0x64 ./Core/Src/stm32f1xx_hal_msp.o
                0x0000000008001928                HAL_MspInit
 .text.NMI_Handler
                0x000000000800198c        0x6 ./Core/Src/stm32f1xx_it.o
                0x000000000800198c                NMI_Handler
 .text.HardFault_Handler
                0x0000000008001992        0x6 ./Core/Src/stm32f1xx_it.o
                0x0000000008001992                HardFault_Handler
 .text.MemManage_Handler
                0x0000000008001998        0x6 ./Core/Src/stm32f1xx_it.o
                0x0000000008001998                MemManage_Handler
 .text.BusFault_Handler
                0x000000000800199e        0x6 ./Core/Src/stm32f1xx_it.o
                0x000000000800199e                BusFault_Handler
 .text.UsageFault_Handler
                0x00000000080019a4        0x6 ./Core/Src/stm32f1xx_it.o
                0x00000000080019a4                UsageFault_Handler
 .text.SVC_Handler
                0x00000000080019aa        0xc ./Core/Src/stm32f1xx_it.o
                0x00000000080019aa                SVC_Handler
 .text.DebugMon_Handler
                0x00000000080019b6        0xc ./Core/Src/stm32f1xx_it.o
                0x00000000080019b6                DebugMon_Handler
 .text.PendSV_Handler
                0x00000000080019c2        0xc ./Core/Src/stm32f1xx_it.o
                0x00000000080019c2                PendSV_Handler
 .text.SysTick_Handler
                0x00000000080019ce        0xc ./Core/Src/stm32f1xx_it.o
                0x00000000080019ce                SysTick_Handler
 .text.EXTI0_IRQHandler
                0x00000000080019da        0xe ./Core/Src/stm32f1xx_it.o
                0x00000000080019da                EXTI0_IRQHandler
 .text.USART2_IRQHandler
                0x00000000080019e8       0x14 ./Core/Src/stm32f1xx_it.o
                0x00000000080019e8                USART2_IRQHandler
 .text.EXTI15_10_IRQHandler
                0x00000000080019fc       0x10 ./Core/Src/stm32f1xx_it.o
                0x00000000080019fc                EXTI15_10_IRQHandler
 .text._read    0x0000000008001a0c       0x3a ./Core/Src/syscalls.o
                0x0000000008001a0c                _read
 .text._write   0x0000000008001a46       0x38 ./Core/Src/syscalls.o
                0x0000000008001a46                _write
 .text._close   0x0000000008001a7e       0x16 ./Core/Src/syscalls.o
                0x0000000008001a7e                _close
 .text._fstat   0x0000000008001a94       0x1e ./Core/Src/syscalls.o
                0x0000000008001a94                _fstat
 .text._isatty  0x0000000008001ab2       0x14 ./Core/Src/syscalls.o
                0x0000000008001ab2                _isatty
 .text._lseek   0x0000000008001ac6       0x18 ./Core/Src/syscalls.o
                0x0000000008001ac6                _lseek
 *fill*         0x0000000008001ade        0x2 
 .text._sbrk    0x0000000008001ae0       0x6c ./Core/Src/sysmem.o
                0x0000000008001ae0                _sbrk
 .text.SystemInit
                0x0000000008001b4c        0xc ./Core/Src/system_stm32f1xx.o
                0x0000000008001b4c                SystemInit
 .text.MX_TIM1_Init
                0x0000000008001b58       0xa4 ./Core/Src/tim.o
                0x0000000008001b58                MX_TIM1_Init
 .text.HAL_TIM_Base_MspInit
                0x0000000008001bfc       0x3c ./Core/Src/tim.o
                0x0000000008001bfc                HAL_TIM_Base_MspInit
 .text.TIM1_Delay_us
                0x0000000008001c38       0x78 ./Core/Src/tim.o
                0x0000000008001c38                TIM1_Delay_us
 .text.MX_USART1_UART_Init
                0x0000000008001cb0       0x54 ./Core/Src/usart.o
                0x0000000008001cb0                MX_USART1_UART_Init
 .text.MX_USART2_UART_Init
                0x0000000008001d04       0x54 ./Core/Src/usart.o
                0x0000000008001d04                MX_USART2_UART_Init
 .text.HAL_UART_MspInit
                0x0000000008001d58      0x138 ./Core/Src/usart.o
                0x0000000008001d58                HAL_UART_MspInit
 .text.Reset_Handler
                0x0000000008001e90       0x48 ./Core/Startup/startup_stm32f103rbtx.o
                0x0000000008001e90                Reset_Handler
 .text.Default_Handler
                0x0000000008001ed8        0x2 ./Core/Startup/startup_stm32f103rbtx.o
                0x0000000008001ed8                RTC_Alarm_IRQHandler
                0x0000000008001ed8                EXTI2_IRQHandler
                0x0000000008001ed8                TIM1_CC_IRQHandler
                0x0000000008001ed8                PVD_IRQHandler
                0x0000000008001ed8                EXTI3_IRQHandler
                0x0000000008001ed8                I2C2_EV_IRQHandler
                0x0000000008001ed8                ADC1_2_IRQHandler
                0x0000000008001ed8                SPI1_IRQHandler
                0x0000000008001ed8                TAMPER_IRQHandler
                0x0000000008001ed8                DMA1_Channel4_IRQHandler
                0x0000000008001ed8                USART3_IRQHandler
                0x0000000008001ed8                RTC_IRQHandler
                0x0000000008001ed8                DMA1_Channel7_IRQHandler
                0x0000000008001ed8                CAN1_RX1_IRQHandler
                0x0000000008001ed8                TIM4_IRQHandler
                0x0000000008001ed8                I2C1_EV_IRQHandler
                0x0000000008001ed8                DMA1_Channel6_IRQHandler
                0x0000000008001ed8                TIM3_IRQHandler
                0x0000000008001ed8                RCC_IRQHandler
                0x0000000008001ed8                TIM1_TRG_COM_IRQHandler
                0x0000000008001ed8                DMA1_Channel1_IRQHandler
                0x0000000008001ed8                Default_Handler
                0x0000000008001ed8                EXTI9_5_IRQHandler
                0x0000000008001ed8                SPI2_IRQHandler
                0x0000000008001ed8                DMA1_Channel5_IRQHandler
                0x0000000008001ed8                EXTI4_IRQHandler
                0x0000000008001ed8                USB_LP_CAN1_RX0_IRQHandler
                0x0000000008001ed8                USB_HP_CAN1_TX_IRQHandler
                0x0000000008001ed8                DMA1_Channel3_IRQHandler
                0x0000000008001ed8                TIM1_UP_IRQHandler
                0x0000000008001ed8                WWDG_IRQHandler
                0x0000000008001ed8                TIM2_IRQHandler
                0x0000000008001ed8                TIM1_BRK_IRQHandler
                0x0000000008001ed8                EXTI1_IRQHandler
                0x0000000008001ed8                I2C2_ER_IRQHandler
                0x0000000008001ed8                DMA1_Channel2_IRQHandler
                0x0000000008001ed8                CAN1_SCE_IRQHandler
                0x0000000008001ed8                FLASH_IRQHandler
                0x0000000008001ed8                USART1_IRQHandler
                0x0000000008001ed8                I2C1_ER_IRQHandler
                0x0000000008001ed8                USBWakeUp_IRQHandler
 *fill*         0x0000000008001eda        0x2 
 .text.HAL_Init
                0x0000000008001edc       0x2c ./Drivers/STM32F1xx_HAL_Driver/Src/stm32f1xx_hal.o
                0x0000000008001edc                HAL_Init
 .text.HAL_InitTick
                0x0000000008001f08       0x60 ./Drivers/STM32F1xx_HAL_Driver/Src/stm32f1xx_hal.o
                0x0000000008001f08                HAL_InitTick
 .text.HAL_IncTick
                0x0000000008001f68       0x24 ./Drivers/STM32F1xx_HAL_Driver/Src/stm32f1xx_hal.o
                0x0000000008001f68                HAL_IncTick
 .text.HAL_GetTick
                0x0000000008001f8c       0x14 ./Drivers/STM32F1xx_HAL_Driver/Src/stm32f1xx_hal.o
                0x0000000008001f8c                HAL_GetTick
 .text.HAL_Delay
                0x0000000008001fa0       0x48 ./Drivers/STM32F1xx_HAL_Driver/Src/stm32f1xx_hal.o
                0x0000000008001fa0                HAL_Delay
 .text.__NVIC_SetPriorityGrouping
                0x0000000008001fe8       0x48 ./Drivers/STM32F1xx_HAL_Driver/Src/stm32f1xx_hal_cortex.o
 .text.__NVIC_GetPriorityGrouping
                0x0000000008002030       0x1c ./Drivers/STM32F1xx_HAL_Driver/Src/stm32f1xx_hal_cortex.o
 .text.__NVIC_EnableIRQ
                0x000000000800204c       0x38 ./Drivers/STM32F1xx_HAL_Driver/Src/stm32f1xx_hal_cortex.o
 .text.__NVIC_SetPriority
                0x0000000008002084       0x54 ./Drivers/STM32F1xx_HAL_Driver/Src/stm32f1xx_hal_cortex.o
 .text.NVIC_EncodePriority
                0x00000000080020d8       0x64 ./Drivers/STM32F1xx_HAL_Driver/Src/stm32f1xx_hal_cortex.o
 .text.SysTick_Config
                0x000000000800213c       0x44 ./Drivers/STM32F1xx_HAL_Driver/Src/stm32f1xx_hal_cortex.o
 .text.HAL_NVIC_SetPriorityGrouping
                0x0000000008002180       0x16 ./Drivers/STM32F1xx_HAL_Driver/Src/stm32f1xx_hal_cortex.o
                0x0000000008002180                HAL_NVIC_SetPriorityGrouping
 .text.HAL_NVIC_SetPriority
                0x0000000008002196       0x38 ./Drivers/STM32F1xx_HAL_Driver/Src/stm32f1xx_hal_cortex.o
                0x0000000008002196                HAL_NVIC_SetPriority
 .text.HAL_NVIC_EnableIRQ
                0x00000000080021ce       0x1c ./Drivers/STM32F1xx_HAL_Driver/Src/stm32f1xx_hal_cortex.o
                0x00000000080021ce                HAL_NVIC_EnableIRQ
 .text.HAL_SYSTICK_Config
                0x00000000080021ea       0x18 ./Drivers/STM32F1xx_HAL_Driver/Src/stm32f1xx_hal_cortex.o
                0x00000000080021ea                HAL_SYSTICK_Config
 .text.HAL_DMA_Abort
                0x0000000008002202       0x74 ./Drivers/STM32F1xx_HAL_Driver/Src/stm32f1xx_hal_dma.o
                0x0000000008002202                HAL_DMA_Abort
 *fill*         0x0000000008002276        0x2 
 .text.HAL_DMA_Abort_IT
                0x0000000008002278       0xec ./Drivers/STM32F1xx_HAL_Driver/Src/stm32f1xx_hal_dma.o
                0x0000000008002278                HAL_DMA_Abort_IT
 .text.HAL_GPIO_Init
                0x0000000008002364      0x308 ./Drivers/STM32F1xx_HAL_Driver/Src/stm32f1xx_hal_gpio.o
                0x0000000008002364                HAL_GPIO_Init
 .text.HAL_GPIO_ReadPin
                0x000000000800266c       0x2e ./Drivers/STM32F1xx_HAL_Driver/Src/stm32f1xx_hal_gpio.o
                0x000000000800266c                HAL_GPIO_ReadPin
 .text.HAL_GPIO_WritePin
                0x000000000800269a       0x30 ./Drivers/STM32F1xx_HAL_Driver/Src/stm32f1xx_hal_gpio.o
                0x000000000800269a                HAL_GPIO_WritePin
 *fill*         0x00000000080026ca        0x2 
 .text.HAL_GPIO_EXTI_IRQHandler
                0x00000000080026cc       0x30 ./Drivers/STM32F1xx_HAL_Driver/Src/stm32f1xx_hal_gpio.o
                0x00000000080026cc                HAL_GPIO_EXTI_IRQHandler
 .text.HAL_RCC_OscConfig
                0x00000000080026fc      0x504 ./Drivers/STM32F1xx_HAL_Driver/Src/stm32f1xx_hal_rcc.o
                0x00000000080026fc                HAL_RCC_OscConfig
 .text.HAL_RCC_ClockConfig
                0x0000000008002c00      0x1d4 ./Drivers/STM32F1xx_HAL_Driver/Src/stm32f1xx_hal_rcc.o
                0x0000000008002c00                HAL_RCC_ClockConfig
 .text.HAL_RCC_GetSysClockFreq
                0x0000000008002dd4       0xbc ./Drivers/STM32F1xx_HAL_Driver/Src/stm32f1xx_hal_rcc.o
                0x0000000008002dd4                HAL_RCC_GetSysClockFreq
 .text.HAL_RCC_GetHCLKFreq
                0x0000000008002e90       0x14 ./Drivers/STM32F1xx_HAL_Driver/Src/stm32f1xx_hal_rcc.o
                0x0000000008002e90                HAL_RCC_GetHCLKFreq
 .text.HAL_RCC_GetPCLK1Freq
                0x0000000008002ea4       0x28 ./Drivers/STM32F1xx_HAL_Driver/Src/stm32f1xx_hal_rcc.o
                0x0000000008002ea4                HAL_RCC_GetPCLK1Freq
 .text.HAL_RCC_GetPCLK2Freq
                0x0000000008002ecc       0x28 ./Drivers/STM32F1xx_HAL_Driver/Src/stm32f1xx_hal_rcc.o
                0x0000000008002ecc                HAL_RCC_GetPCLK2Freq
 .text.RCC_Delay
                0x0000000008002ef4       0x3c ./Drivers/STM32F1xx_HAL_Driver/Src/stm32f1xx_hal_rcc.o
 .text.HAL_TIM_Base_Init
                0x0000000008002f30       0x9e ./Drivers/STM32F1xx_HAL_Driver/Src/stm32f1xx_hal_tim.o
                0x0000000008002f30                HAL_TIM_Base_Init
 .text.HAL_TIM_ConfigClockSource
                0x0000000008002fce      0x188 ./Drivers/STM32F1xx_HAL_Driver/Src/stm32f1xx_hal_tim.o
                0x0000000008002fce                HAL_TIM_ConfigClockSource
 *fill*         0x0000000008003156        0x2 
 .text.TIM_Base_SetConfig
                0x0000000008003158       0xc4 ./Drivers/STM32F1xx_HAL_Driver/Src/stm32f1xx_hal_tim.o
                0x0000000008003158                TIM_Base_SetConfig
 .text.TIM_TI1_ConfigInputStage
                0x000000000800321c       0x5c ./Drivers/STM32F1xx_HAL_Driver/Src/stm32f1xx_hal_tim.o
 .text.TIM_TI2_ConfigInputStage
                0x0000000008003278       0x5e ./Drivers/STM32F1xx_HAL_Driver/Src/stm32f1xx_hal_tim.o
 .text.TIM_ITRx_SetConfig
                0x00000000080032d6       0x34 ./Drivers/STM32F1xx_HAL_Driver/Src/stm32f1xx_hal_tim.o
 .text.TIM_ETR_SetConfig
                0x000000000800330a       0x3e ./Drivers/STM32F1xx_HAL_Driver/Src/stm32f1xx_hal_tim.o
                0x000000000800330a                TIM_ETR_SetConfig
 .text.HAL_TIMEx_MasterConfigSynchronization
                0x0000000008003348       0xbc ./Drivers/STM32F1xx_HAL_Driver/Src/stm32f1xx_hal_tim_ex.o
                0x0000000008003348                HAL_TIMEx_MasterConfigSynchronization
 .text.HAL_UART_Init
                0x0000000008003404       0x9a ./Drivers/STM32F1xx_HAL_Driver/Src/stm32f1xx_hal_uart.o
                0x0000000008003404                HAL_UART_Init
 .text.HAL_UART_Transmit
                0x000000000800349e      0x124 ./Drivers/STM32F1xx_HAL_Driver/Src/stm32f1xx_hal_uart.o
                0x000000000800349e                HAL_UART_Transmit
 .text.HAL_UART_Receive_IT
                0x00000000080035c2       0x60 ./Drivers/STM32F1xx_HAL_Driver/Src/stm32f1xx_hal_uart.o
                0x00000000080035c2                HAL_UART_Receive_IT
 *fill*         0x0000000008003622        0x2 
 .text.HAL_UART_IRQHandler
                0x0000000008003624      0x354 ./Drivers/STM32F1xx_HAL_Driver/Src/stm32f1xx_hal_uart.o
                0x0000000008003624                HAL_UART_IRQHandler
 .text.HAL_UART_TxCpltCallback
                0x0000000008003978       0x12 ./Drivers/STM32F1xx_HAL_Driver/Src/stm32f1xx_hal_uart.o
                0x0000000008003978                HAL_UART_TxCpltCallback
 .text.HAL_UART_ErrorCallback
                0x000000000800398a       0x12 ./Drivers/STM32F1xx_HAL_Driver/Src/stm32f1xx_hal_uart.o
                0x000000000800398a                HAL_UART_ErrorCallback
 .text.HAL_UARTEx_RxEventCallback
                0x000000000800399c       0x16 ./Drivers/STM32F1xx_HAL_Driver/Src/stm32f1xx_hal_uart.o
                0x000000000800399c                HAL_UARTEx_RxEventCallback
 .text.UART_WaitOnFlagUntilTimeout
                0x00000000080039b2       0x94 ./Drivers/STM32F1xx_HAL_Driver/Src/stm32f1xx_hal_uart.o
 .text.UART_Start_Receive_IT
                0x0000000008003a46       0x72 ./Drivers/STM32F1xx_HAL_Driver/Src/stm32f1xx_hal_uart.o
                0x0000000008003a46                UART_Start_Receive_IT
 .text.UART_EndRxTransfer
                0x0000000008003ab8       0x58 ./Drivers/STM32F1xx_HAL_Driver/Src/stm32f1xx_hal_uart.o
 .text.UART_DMAAbortOnError
                0x0000000008003b10       0x28 ./Drivers/STM32F1xx_HAL_Driver/Src/stm32f1xx_hal_uart.o
 .text.UART_Transmit_IT
                0x0000000008003b38       0x9e ./Drivers/STM32F1xx_HAL_Driver/Src/stm32f1xx_hal_uart.o
 .text.UART_EndTransmit_IT
                0x0000000008003bd6       0x30 ./Drivers/STM32F1xx_HAL_Driver/Src/stm32f1xx_hal_uart.o
 .text.UART_Receive_IT
                0x0000000008003c06      0x152 ./Drivers/STM32F1xx_HAL_Driver/Src/stm32f1xx_hal_uart.o
 .text.UART_SetConfig
                0x0000000008003d58      0x11c ./Drivers/STM32F1xx_HAL_Driver/Src/stm32f1xx_hal_uart.o
 .text.__errno  0x0000000008003e74        0xc c:/st/stm32cubeide_1.9.0/stm32cubeide/plugins/com.st.stm32cube.ide.mcu.externaltools.gnu-tools-for-stm32.10.3-2021.10.win32_1.0.0.202111181127/tools/bin/../lib/gcc/arm-none-eabi/10.3.1/../../../../arm-none-eabi/lib/thumb/v7-m/nofp\libc_nano.a(lib_a-errno.o)
                0x0000000008003e74                __errno
 .text.__libc_init_array
                0x0000000008003e80       0x48 c:/st/stm32cubeide_1.9.0/stm32cubeide/plugins/com.st.stm32cube.ide.mcu.externaltools.gnu-tools-for-stm32.10.3-2021.10.win32_1.0.0.202111181127/tools/bin/../lib/gcc/arm-none-eabi/10.3.1/../../../../arm-none-eabi/lib/thumb/v7-m/nofp\libc_nano.a(lib_a-init.o)
                0x0000000008003e80                __libc_init_array
 .text.memcpy   0x0000000008003ec8       0x1c c:/st/stm32cubeide_1.9.0/stm32cubeide/plugins/com.st.stm32cube.ide.mcu.externaltools.gnu-tools-for-stm32.10.3-2021.10.win32_1.0.0.202111181127/tools/bin/../lib/gcc/arm-none-eabi/10.3.1/../../../../arm-none-eabi/lib/thumb/v7-m/nofp\libc_nano.a(lib_a-memcpy-stub.o)
                0x0000000008003ec8                memcpy
 .text.memset   0x0000000008003ee4       0x10 c:/st/stm32cubeide_1.9.0/stm32cubeide/plugins/com.st.stm32cube.ide.mcu.externaltools.gnu-tools-for-stm32.10.3-2021.10.win32_1.0.0.202111181127/tools/bin/../lib/gcc/arm-none-eabi/10.3.1/../../../../arm-none-eabi/lib/thumb/v7-m/nofp\libc_nano.a(lib_a-memset.o)
                0x0000000008003ee4                memset
 .text.printf   0x0000000008003ef4       0x30 c:/st/stm32cubeide_1.9.0/stm32cubeide/plugins/com.st.stm32cube.ide.mcu.externaltools.gnu-tools-for-stm32.10.3-2021.10.win32_1.0.0.202111181127/tools/bin/../lib/gcc/arm-none-eabi/10.3.1/../../../../arm-none-eabi/lib/thumb/v7-m/nofp\libc_nano.a(lib_a-printf.o)
                0x0000000008003ef4                iprintf
                0x0000000008003ef4                printf
 .text._puts_r  0x0000000008003f24       0xdc c:/st/stm32cubeide_1.9.0/stm32cubeide/plugins/com.st.stm32cube.ide.mcu.externaltools.gnu-tools-for-stm32.10.3-2021.10.win32_1.0.0.202111181127/tools/bin/../lib/gcc/arm-none-eabi/10.3.1/../../../../arm-none-eabi/lib/thumb/v7-m/nofp\libc_nano.a(lib_a-puts.o)
                0x0000000008003f24                _puts_r
 .text.puts     0x0000000008004000       0x10 c:/st/stm32cubeide_1.9.0/stm32cubeide/plugins/com.st.stm32cube.ide.mcu.externaltools.gnu-tools-for-stm32.10.3-2021.10.win32_1.0.0.202111181127/tools/bin/../lib/gcc/arm-none-eabi/10.3.1/../../../../arm-none-eabi/lib/thumb/v7-m/nofp\libc_nano.a(lib_a-puts.o)
                0x0000000008004000                puts
 .text.sprintf  0x0000000008004010       0x40 c:/st/stm32cubeide_1.9.0/stm32cubeide/plugins/com.st.stm32cube.ide.mcu.externaltools.gnu-tools-for-stm32.10.3-2021.10.win32_1.0.0.202111181127/tools/bin/../lib/gcc/arm-none-eabi/10.3.1/../../../../arm-none-eabi/lib/thumb/v7-m/nofp\libc_nano.a(lib_a-sprintf.o)
                0x0000000008004010                siprintf
                0x0000000008004010                sprintf
 .text.strstr   0x0000000008004050       0x2c c:/st/stm32cubeide_1.9.0/stm32cubeide/plugins/com.st.stm32cube.ide.mcu.externaltools.gnu-tools-for-stm32.10.3-2021.10.win32_1.0.0.202111181127/tools/bin/../lib/gcc/arm-none-eabi/10.3.1/../../../../arm-none-eabi/lib/thumb/v7-m/nofp\libc_nano.a(lib_a-strstr.o)
                0x0000000008004050                strstr
 .text.__swbuf_r
                0x000000000800407c       0xa4 c:/st/stm32cubeide_1.9.0/stm32cubeide/plugins/com.st.stm32cube.ide.mcu.externaltools.gnu-tools-for-stm32.10.3-2021.10.win32_1.0.0.202111181127/tools/bin/../lib/gcc/arm-none-eabi/10.3.1/../../../../arm-none-eabi/lib/thumb/v7-m/nofp\libc_nano.a(lib_a-wbuf.o)
                0x000000000800407c                __swbuf_r
 .text.__swsetup_r
                0x0000000008004120       0xdc c:/st/stm32cubeide_1.9.0/stm32cubeide/plugins/com.st.stm32cube.ide.mcu.externaltools.gnu-tools-for-stm32.10.3-2021.10.win32_1.0.0.202111181127/tools/bin/../lib/gcc/arm-none-eabi/10.3.1/../../../../arm-none-eabi/lib/thumb/v7-m/nofp\libc_nano.a(lib_a-wsetup.o)
                0x0000000008004120                __swsetup_r
 .text.__sflush_r
                0x00000000080041fc      0x104 c:/st/stm32cubeide_1.9.0/stm32cubeide/plugins/com.st.stm32cube.ide.mcu.externaltools.gnu-tools-for-stm32.10.3-2021.10.win32_1.0.0.202111181127/tools/bin/../lib/gcc/arm-none-eabi/10.3.1/../../../../arm-none-eabi/lib/thumb/v7-m/nofp\libc_nano.a(lib_a-fflush.o)
                0x00000000080041fc                __sflush_r
 .text._fflush_r
                0x0000000008004300       0x78 c:/st/stm32cubeide_1.9.0/stm32cubeide/plugins/com.st.stm32cube.ide.mcu.externaltools.gnu-tools-for-stm32.10.3-2021.10.win32_1.0.0.202111181127/tools/bin/../lib/gcc/arm-none-eabi/10.3.1/../../../../arm-none-eabi/lib/thumb/v7-m/nofp\libc_nano.a(lib_a-fflush.o)
                0x0000000008004300                _fflush_r
 .text.std      0x0000000008004378       0x48 c:/st/stm32cubeide_1.9.0/stm32cubeide/plugins/com.st.stm32cube.ide.mcu.externaltools.gnu-tools-for-stm32.10.3-2021.10.win32_1.0.0.202111181127/tools/bin/../lib/gcc/arm-none-eabi/10.3.1/../../../../arm-none-eabi/lib/thumb/v7-m/nofp\libc_nano.a(lib_a-findfp.o)
 .text._cleanup_r
                0x00000000080043c0        0xc c:/st/stm32cubeide_1.9.0/stm32cubeide/plugins/com.st.stm32cube.ide.mcu.externaltools.gnu-tools-for-stm32.10.3-2021.10.win32_1.0.0.202111181127/tools/bin/../lib/gcc/arm-none-eabi/10.3.1/../../../../arm-none-eabi/lib/thumb/v7-m/nofp\libc_nano.a(lib_a-findfp.o)
                0x00000000080043c0                _cleanup_r
 .text.__sfmoreglue
                0x00000000080043cc       0x2c c:/st/stm32cubeide_1.9.0/stm32cubeide/plugins/com.st.stm32cube.ide.mcu.externaltools.gnu-tools-for-stm32.10.3-2021.10.win32_1.0.0.202111181127/tools/bin/../lib/gcc/arm-none-eabi/10.3.1/../../../../arm-none-eabi/lib/thumb/v7-m/nofp\libc_nano.a(lib_a-findfp.o)
                0x00000000080043cc                __sfmoreglue
 .text.__sfp_lock_acquire
                0x00000000080043f8        0xc c:/st/stm32cubeide_1.9.0/stm32cubeide/plugins/com.st.stm32cube.ide.mcu.externaltools.gnu-tools-for-stm32.10.3-2021.10.win32_1.0.0.202111181127/tools/bin/../lib/gcc/arm-none-eabi/10.3.1/../../../../arm-none-eabi/lib/thumb/v7-m/nofp\libc_nano.a(lib_a-findfp.o)
                0x00000000080043f8                __sfp_lock_acquire
 .text.__sfp_lock_release
                0x0000000008004404        0xc c:/st/stm32cubeide_1.9.0/stm32cubeide/plugins/com.st.stm32cube.ide.mcu.externaltools.gnu-tools-for-stm32.10.3-2021.10.win32_1.0.0.202111181127/tools/bin/../lib/gcc/arm-none-eabi/10.3.1/../../../../arm-none-eabi/lib/thumb/v7-m/nofp\libc_nano.a(lib_a-findfp.o)
                0x0000000008004404                __sfp_lock_release
 .text.__sinit_lock_acquire
                0x0000000008004410        0xc c:/st/stm32cubeide_1.9.0/stm32cubeide/plugins/com.st.stm32cube.ide.mcu.externaltools.gnu-tools-for-stm32.10.3-2021.10.win32_1.0.0.202111181127/tools/bin/../lib/gcc/arm-none-eabi/10.3.1/../../../../arm-none-eabi/lib/thumb/v7-m/nofp\libc_nano.a(lib_a-findfp.o)
                0x0000000008004410                __sinit_lock_acquire
 .text.__sinit_lock_release
                0x000000000800441c        0xc c:/st/stm32cubeide_1.9.0/stm32cubeide/plugins/com.st.stm32cube.ide.mcu.externaltools.gnu-tools-for-stm32.10.3-2021.10.win32_1.0.0.202111181127/tools/bin/../lib/gcc/arm-none-eabi/10.3.1/../../../../arm-none-eabi/lib/thumb/v7-m/nofp\libc_nano.a(lib_a-findfp.o)
                0x000000000800441c                __sinit_lock_release
 .text.__sinit  0x0000000008004428       0x70 c:/st/stm32cubeide_1.9.0/stm32cubeide/plugins/com.st.stm32cube.ide.mcu.externaltools.gnu-tools-for-stm32.10.3-2021.10.win32_1.0.0.202111181127/tools/bin/../lib/gcc/arm-none-eabi/10.3.1/../../../../arm-none-eabi/lib/thumb/v7-m/nofp\libc_nano.a(lib_a-findfp.o)
                0x0000000008004428                __sinit
 .text.__sfp    0x0000000008004498       0x8c c:/st/stm32cubeide_1.9.0/stm32cubeide/plugins/com.st.stm32cube.ide.mcu.externaltools.gnu-tools-for-stm32.10.3-2021.10.win32_1.0.0.202111181127/tools/bin/../lib/gcc/arm-none-eabi/10.3.1/../../../../arm-none-eabi/lib/thumb/v7-m/nofp\libc_nano.a(lib_a-findfp.o)
                0x0000000008004498                __sfp
 .text._fwalk_reent
                0x0000000008004524       0x3e c:/st/stm32cubeide_1.9.0/stm32cubeide/plugins/com.st.stm32cube.ide.mcu.externaltools.gnu-tools-for-stm32.10.3-2021.10.win32_1.0.0.202111181127/tools/bin/../lib/gcc/arm-none-eabi/10.3.1/../../../../arm-none-eabi/lib/thumb/v7-m/nofp\libc_nano.a(lib_a-fwalk.o)
                0x0000000008004524                _fwalk_reent
 .text.__retarget_lock_init_recursive
                0x0000000008004562        0x2 c:/st/stm32cubeide_1.9.0/stm32cubeide/plugins/com.st.stm32cube.ide.mcu.externaltools.gnu-tools-for-stm32.10.3-2021.10.win32_1.0.0.202111181127/tools/bin/../lib/gcc/arm-none-eabi/10.3.1/../../../../arm-none-eabi/lib/thumb/v7-m/nofp\libc_nano.a(lib_a-lock.o)
                0x0000000008004562                __retarget_lock_init_recursive
 .text.__retarget_lock_acquire_recursive
                0x0000000008004564        0x2 c:/st/stm32cubeide_1.9.0/stm32cubeide/plugins/com.st.stm32cube.ide.mcu.externaltools.gnu-tools-for-stm32.10.3-2021.10.win32_1.0.0.202111181127/tools/bin/../lib/gcc/arm-none-eabi/10.3.1/../../../../arm-none-eabi/lib/thumb/v7-m/nofp\libc_nano.a(lib_a-lock.o)
                0x0000000008004564                __retarget_lock_acquire_recursive
 .text.__retarget_lock_release_recursive
                0x0000000008004566        0x2 c:/st/stm32cubeide_1.9.0/stm32cubeide/plugins/com.st.stm32cube.ide.mcu.externaltools.gnu-tools-for-stm32.10.3-2021.10.win32_1.0.0.202111181127/tools/bin/../lib/gcc/arm-none-eabi/10.3.1/../../../../arm-none-eabi/lib/thumb/v7-m/nofp\libc_nano.a(lib_a-lock.o)
                0x0000000008004566                __retarget_lock_release_recursive
 .text.__swhatbuf_r
                0x0000000008004568       0x4a c:/st/stm32cubeide_1.9.0/stm32cubeide/plugins/com.st.stm32cube.ide.mcu.externaltools.gnu-tools-for-stm32.10.3-2021.10.win32_1.0.0.202111181127/tools/bin/../lib/gcc/arm-none-eabi/10.3.1/../../../../arm-none-eabi/lib/thumb/v7-m/nofp\libc_nano.a(lib_a-makebuf.o)
                0x0000000008004568                __swhatbuf_r
 *fill*         0x00000000080045b2        0x2 
 .text.__smakebuf_r
                0x00000000080045b4       0x80 c:/st/stm32cubeide_1.9.0/stm32cubeide/plugins/com.st.stm32cube.ide.mcu.externaltools.gnu-tools-for-stm32.10.3-2021.10.win32_1.0.0.202111181127/tools/bin/../lib/gcc/arm-none-eabi/10.3.1/../../../../arm-none-eabi/lib/thumb/v7-m/nofp\libc_nano.a(lib_a-makebuf.o)
                0x00000000080045b4                __smakebuf_r
 .text._free_r  0x0000000008004634       0x90 c:/st/stm32cubeide_1.9.0/stm32cubeide/plugins/com.st.stm32cube.ide.mcu.externaltools.gnu-tools-for-stm32.10.3-2021.10.win32_1.0.0.202111181127/tools/bin/../lib/gcc/arm-none-eabi/10.3.1/../../../../arm-none-eabi/lib/thumb/v7-m/nofp\libc_nano.a(lib_a-nano-freer.o)
                0x0000000008004634                _free_r
 .text.sbrk_aligned
                0x00000000080046c4       0x40 c:/st/stm32cubeide_1.9.0/stm32cubeide/plugins/com.st.stm32cube.ide.mcu.externaltools.gnu-tools-for-stm32.10.3-2021.10.win32_1.0.0.202111181127/tools/bin/../lib/gcc/arm-none-eabi/10.3.1/../../../../arm-none-eabi/lib/thumb/v7-m/nofp\libc_nano.a(lib_a-nano-mallocr.o)
 .text._malloc_r
                0x0000000008004704       0xe8 c:/st/stm32cubeide_1.9.0/stm32cubeide/plugins/com.st.stm32cube.ide.mcu.externaltools.gnu-tools-for-stm32.10.3-2021.10.win32_1.0.0.202111181127/tools/bin/../lib/gcc/arm-none-eabi/10.3.1/../../../../arm-none-eabi/lib/thumb/v7-m/nofp\libc_nano.a(lib_a-nano-mallocr.o)
                0x0000000008004704                _malloc_r
 .text.__ssputs_r
                0x00000000080047ec       0xb6 c:/st/stm32cubeide_1.9.0/stm32cubeide/plugins/com.st.stm32cube.ide.mcu.externaltools.gnu-tools-for-stm32.10.3-2021.10.win32_1.0.0.202111181127/tools/bin/../lib/gcc/arm-none-eabi/10.3.1/../../../../arm-none-eabi/lib/thumb/v7-m/nofp\libc_nano.a(lib_a-nano-svfprintf.o)
                0x00000000080047ec                __ssputs_r
 *fill*         0x00000000080048a2        0x2 
 .text._svfprintf_r
                0x00000000080048a4      0x200 c:/st/stm32cubeide_1.9.0/stm32cubeide/plugins/com.st.stm32cube.ide.mcu.externaltools.gnu-tools-for-stm32.10.3-2021.10.win32_1.0.0.202111181127/tools/bin/../lib/gcc/arm-none-eabi/10.3.1/../../../../arm-none-eabi/lib/thumb/v7-m/nofp\libc_nano.a(lib_a-nano-svfprintf.o)
                0x00000000080048a4                _svfiprintf_r
                0x00000000080048a4                _svfprintf_r
 .text.__sfputc_r
                0x0000000008004aa4       0x2a c:/st/stm32cubeide_1.9.0/stm32cubeide/plugins/com.st.stm32cube.ide.mcu.externaltools.gnu-tools-for-stm32.10.3-2021.10.win32_1.0.0.202111181127/tools/bin/../lib/gcc/arm-none-eabi/10.3.1/../../../../arm-none-eabi/lib/thumb/v7-m/nofp\libc_nano.a(lib_a-nano-vfprintf.o)
 .text.__sfputs_r
                0x0000000008004ace       0x24 c:/st/stm32cubeide_1.9.0/stm32cubeide/plugins/com.st.stm32cube.ide.mcu.externaltools.gnu-tools-for-stm32.10.3-2021.10.win32_1.0.0.202111181127/tools/bin/../lib/gcc/arm-none-eabi/10.3.1/../../../../arm-none-eabi/lib/thumb/v7-m/nofp\libc_nano.a(lib_a-nano-vfprintf.o)
                0x0000000008004ace                __sfputs_r
 *fill*         0x0000000008004af2        0x2 
 .text._vfprintf_r
                0x0000000008004af4      0x260 c:/st/stm32cubeide_1.9.0/stm32cubeide/plugins/com.st.stm32cube.ide.mcu.externaltools.gnu-tools-for-stm32.10.3-2021.10.win32_1.0.0.202111181127/tools/bin/../lib/gcc/arm-none-eabi/10.3.1/../../../../arm-none-eabi/lib/thumb/v7-m/nofp\libc_nano.a(lib_a-nano-vfprintf.o)
                0x0000000008004af4                _vfprintf_r
                0x0000000008004af4                _vfiprintf_r
 .text._printf_common
                0x0000000008004d54       0xde c:/st/stm32cubeide_1.9.0/stm32cubeide/plugins/com.st.stm32cube.ide.mcu.externaltools.gnu-tools-for-stm32.10.3-2021.10.win32_1.0.0.202111181127/tools/bin/../lib/gcc/arm-none-eabi/10.3.1/../../../../arm-none-eabi/lib/thumb/v7-m/nofp\libc_nano.a(lib_a-nano-vfprintf_i.o)
                0x0000000008004d54                _printf_common
 *fill*         0x0000000008004e32        0x2 
 .text._printf_i
                0x0000000008004e34      0x24c c:/st/stm32cubeide_1.9.0/stm32cubeide/plugins/com.st.stm32cube.ide.mcu.externaltools.gnu-tools-for-stm32.10.3-2021.10.win32_1.0.0.202111181127/tools/bin/../lib/gcc/arm-none-eabi/10.3.1/../../../../arm-none-eabi/lib/thumb/v7-m/nofp\libc_nano.a(lib_a-nano-vfprintf_i.o)
                0x0000000008004e34                _printf_i
 .text._sbrk_r  0x0000000008005080       0x20 c:/st/stm32cubeide_1.9.0/stm32cubeide/plugins/com.st.stm32cube.ide.mcu.externaltools.gnu-tools-for-stm32.10.3-2021.10.win32_1.0.0.202111181127/tools/bin/../lib/gcc/arm-none-eabi/10.3.1/../../../../arm-none-eabi/lib/thumb/v7-m/nofp\libc_nano.a(lib_a-sbrkr.o)
                0x0000000008005080                _sbrk_r
 .text.__sread  0x00000000080050a0       0x22 c:/st/stm32cubeide_1.9.0/stm32cubeide/plugins/com.st.stm32cube.ide.mcu.externaltools.gnu-tools-for-stm32.10.3-2021.10.win32_1.0.0.202111181127/tools/bin/../lib/gcc/arm-none-eabi/10.3.1/../../../../arm-none-eabi/lib/thumb/v7-m/nofp\libc_nano.a(lib_a-stdio.o)
                0x00000000080050a0                __sread
 .text.__swrite
                0x00000000080050c2       0x38 c:/st/stm32cubeide_1.9.0/stm32cubeide/plugins/com.st.stm32cube.ide.mcu.externaltools.gnu-tools-for-stm32.10.3-2021.10.win32_1.0.0.202111181127/tools/bin/../lib/gcc/arm-none-eabi/10.3.1/../../../../arm-none-eabi/lib/thumb/v7-m/nofp\libc_nano.a(lib_a-stdio.o)
                0x00000000080050c2                __swrite
 .text.__sseek  0x00000000080050fa       0x24 c:/st/stm32cubeide_1.9.0/stm32cubeide/plugins/com.st.stm32cube.ide.mcu.externaltools.gnu-tools-for-stm32.10.3-2021.10.win32_1.0.0.202111181127/tools/bin/../lib/gcc/arm-none-eabi/10.3.1/../../../../arm-none-eabi/lib/thumb/v7-m/nofp\libc_nano.a(lib_a-stdio.o)
                0x00000000080050fa                __sseek
 .text.__sclose
                0x000000000800511e        0x8 c:/st/stm32cubeide_1.9.0/stm32cubeide/plugins/com.st.stm32cube.ide.mcu.externaltools.gnu-tools-for-stm32.10.3-2021.10.win32_1.0.0.202111181127/tools/bin/../lib/gcc/arm-none-eabi/10.3.1/../../../../arm-none-eabi/lib/thumb/v7-m/nofp\libc_nano.a(lib_a-stdio.o)
                0x000000000800511e                __sclose
 *fill*         0x0000000008005126        0x2 
 .text._write_r
                0x0000000008005128       0x24 c:/st/stm32cubeide_1.9.0/stm32cubeide/plugins/com.st.stm32cube.ide.mcu.externaltools.gnu-tools-for-stm32.10.3-2021.10.win32_1.0.0.202111181127/tools/bin/../lib/gcc/arm-none-eabi/10.3.1/../../../../arm-none-eabi/lib/thumb/v7-m/nofp\libc_nano.a(lib_a-writer.o)
                0x0000000008005128                _write_r
 .text._close_r
                0x000000000800514c       0x20 c:/st/stm32cubeide_1.9.0/stm32cubeide/plugins/com.st.stm32cube.ide.mcu.externaltools.gnu-tools-for-stm32.10.3-2021.10.win32_1.0.0.202111181127/tools/bin/../lib/gcc/arm-none-eabi/10.3.1/../../../../arm-none-eabi/lib/thumb/v7-m/nofp\libc_nano.a(lib_a-closer.o)
                0x000000000800514c                _close_r
 .text._fstat_r
                0x000000000800516c       0x24 c:/st/stm32cubeide_1.9.0/stm32cubeide/plugins/com.st.stm32cube.ide.mcu.externaltools.gnu-tools-for-stm32.10.3-2021.10.win32_1.0.0.202111181127/tools/bin/../lib/gcc/arm-none-eabi/10.3.1/../../../../arm-none-eabi/lib/thumb/v7-m/nofp\libc_nano.a(lib_a-fstatr.o)
                0x000000000800516c                _fstat_r
 .text._isatty_r
                0x0000000008005190       0x20 c:/st/stm32cubeide_1.9.0/stm32cubeide/plugins/com.st.stm32cube.ide.mcu.externaltools.gnu-tools-for-stm32.10.3-2021.10.win32_1.0.0.202111181127/tools/bin/../lib/gcc/arm-none-eabi/10.3.1/../../../../arm-none-eabi/lib/thumb/v7-m/nofp\libc_nano.a(lib_a-isattyr.o)
                0x0000000008005190                _isatty_r
 .text._lseek_r
                0x00000000080051b0       0x24 c:/st/stm32cubeide_1.9.0/stm32cubeide/plugins/com.st.stm32cube.ide.mcu.externaltools.gnu-tools-for-stm32.10.3-2021.10.win32_1.0.0.202111181127/tools/bin/../lib/gcc/arm-none-eabi/10.3.1/../../../../arm-none-eabi/lib/thumb/v7-m/nofp\libc_nano.a(lib_a-lseekr.o)
                0x00000000080051b0                _lseek_r
 .text.memchr   0x00000000080051d4       0x1c c:/st/stm32cubeide_1.9.0/stm32cubeide/plugins/com.st.stm32cube.ide.mcu.externaltools.gnu-tools-for-stm32.10.3-2021.10.win32_1.0.0.202111181127/tools/bin/../lib/gcc/arm-none-eabi/10.3.1/../../../../arm-none-eabi/lib/thumb/v7-m/nofp\libc_nano.a(lib_a-memchr-stub.o)
                0x00000000080051d4                memchr
 .text.memmove  0x00000000080051f0       0x34 c:/st/stm32cubeide_1.9.0/stm32cubeide/plugins/com.st.stm32cube.ide.mcu.externaltools.gnu-tools-for-stm32.10.3-2021.10.win32_1.0.0.202111181127/tools/bin/../lib/gcc/arm-none-eabi/10.3.1/../../../../arm-none-eabi/lib/thumb/v7-m/nofp\libc_nano.a(lib_a-memmove.o)
                0x00000000080051f0                memmove
 .text.__malloc_lock
                0x0000000008005224        0xc c:/st/stm32cubeide_1.9.0/stm32cubeide/plugins/com.st.stm32cube.ide.mcu.externaltools.gnu-tools-for-stm32.10.3-2021.10.win32_1.0.0.202111181127/tools/bin/../lib/gcc/arm-none-eabi/10.3.1/../../../../arm-none-eabi/lib/thumb/v7-m/nofp\libc_nano.a(lib_a-mlock.o)
                0x0000000008005224                __malloc_lock
 .text.__malloc_unlock
                0x0000000008005230        0xc c:/st/stm32cubeide_1.9.0/stm32cubeide/plugins/com.st.stm32cube.ide.mcu.externaltools.gnu-tools-for-stm32.10.3-2021.10.win32_1.0.0.202111181127/tools/bin/../lib/gcc/arm-none-eabi/10.3.1/../../../../arm-none-eabi/lib/thumb/v7-m/nofp\libc_nano.a(lib_a-mlock.o)
                0x0000000008005230                __malloc_unlock
 .text._realloc_r
                0x000000000800523c       0x5e c:/st/stm32cubeide_1.9.0/stm32cubeide/plugins/com.st.stm32cube.ide.mcu.externaltools.gnu-tools-for-stm32.10.3-2021.10.win32_1.0.0.202111181127/tools/bin/../lib/gcc/arm-none-eabi/10.3.1/../../../../arm-none-eabi/lib/thumb/v7-m/nofp\libc_nano.a(lib_a-nano-reallocr.o)
                0x000000000800523c                _realloc_r
 *fill*         0x000000000800529a        0x2 
 .text._read_r  0x000000000800529c       0x24 c:/st/stm32cubeide_1.9.0/stm32cubeide/plugins/com.st.stm32cube.ide.mcu.externaltools.gnu-tools-for-stm32.10.3-2021.10.win32_1.0.0.202111181127/tools/bin/../lib/gcc/arm-none-eabi/10.3.1/../../../../arm-none-eabi/lib/thumb/v7-m/nofp\libc_nano.a(lib_a-readr.o)
                0x000000000800529c                _read_r
 .text._malloc_usable_size_r
                0x00000000080052c0       0x10 c:/st/stm32cubeide_1.9.0/stm32cubeide/plugins/com.st.stm32cube.ide.mcu.externaltools.gnu-tools-for-stm32.10.3-2021.10.win32_1.0.0.202111181127/tools/bin/../lib/gcc/arm-none-eabi/10.3.1/../../../../arm-none-eabi/lib/thumb/v7-m/nofp\libc_nano.a(lib_a-nano-msizer.o)
                0x00000000080052c0                _malloc_usable_size_r
 *(.glue_7)
 .glue_7        0x00000000080052d0        0x0 linker stubs
 *(.glue_7t)
 .glue_7t       0x00000000080052d0        0x0 linker stubs
 *(.eh_frame)
 .eh_frame      0x00000000080052d0        0x0 c:/st/stm32cubeide_1.9.0/stm32cubeide/plugins/com.st.stm32cube.ide.mcu.externaltools.gnu-tools-for-stm32.10.3-2021.10.win32_1.0.0.202111181127/tools/bin/../lib/gcc/arm-none-eabi/10.3.1/thumb/v7-m/nofp/crtbegin.o
 *(.init)
 .init          0x00000000080052d0        0x4 c:/st/stm32cubeide_1.9.0/stm32cubeide/plugins/com.st.stm32cube.ide.mcu.externaltools.gnu-tools-for-stm32.10.3-2021.10.win32_1.0.0.202111181127/tools/bin/../lib/gcc/arm-none-eabi/10.3.1/thumb/v7-m/nofp/crti.o
                0x00000000080052d0                _init
 .init          0x00000000080052d4        0x8 c:/st/stm32cubeide_1.9.0/stm32cubeide/plugins/com.st.stm32cube.ide.mcu.externaltools.gnu-tools-for-stm32.10.3-2021.10.win32_1.0.0.202111181127/tools/bin/../lib/gcc/arm-none-eabi/10.3.1/thumb/v7-m/nofp/crtn.o
 *(.fini)
 .fini          0x00000000080052dc        0x4 c:/st/stm32cubeide_1.9.0/stm32cubeide/plugins/com.st.stm32cube.ide.mcu.externaltools.gnu-tools-for-stm32.10.3-2021.10.win32_1.0.0.202111181127/tools/bin/../lib/gcc/arm-none-eabi/10.3.1/thumb/v7-m/nofp/crti.o
                0x00000000080052dc                _fini
 .fini          0x00000000080052e0        0x8 c:/st/stm32cubeide_1.9.0/stm32cubeide/plugins/com.st.stm32cube.ide.mcu.externaltools.gnu-tools-for-stm32.10.3-2021.10.win32_1.0.0.202111181127/tools/bin/../lib/gcc/arm-none-eabi/10.3.1/thumb/v7-m/nofp/crtn.o
                0x00000000080052e8                . = ALIGN (0x4)
                0x00000000080052e8                _etext = .

.vfp11_veneer   0x00000000080052e8        0x0
 .vfp11_veneer  0x00000000080052e8        0x0 linker stubs

.v4_bx          0x00000000080052e8        0x0
 .v4_bx         0x00000000080052e8        0x0 linker stubs

.iplt           0x00000000080052e8        0x0
 .iplt          0x00000000080052e8        0x0 c:/st/stm32cubeide_1.9.0/stm32cubeide/plugins/com.st.stm32cube.ide.mcu.externaltools.gnu-tools-for-stm32.10.3-2021.10.win32_1.0.0.202111181127/tools/bin/../lib/gcc/arm-none-eabi/10.3.1/thumb/v7-m/nofp/crtbegin.o

.rodata         0x00000000080052e8      0xa1c
                0x00000000080052e8                . = ALIGN (0x4)
 *(.rodata)
 .rodata        0x00000000080052e8       0xc3 ./Core/Src/esp8266_at.o
 *fill*         0x00000000080053ab        0x1 
 .rodata        0x00000000080053ac      0x895 ./Core/Src/main.o
 *fill*         0x0000000008005c41        0x3 
 .rodata        0x0000000008005c44       0x10 ./Drivers/STM32F1xx_HAL_Driver/Src/stm32f1xx_hal_rcc.o
 *(.rodata*)
 .rodata.AHBPrescTable
                0x0000000008005c54       0x10 ./Core/Src/system_stm32f1xx.o
                0x0000000008005c54                AHBPrescTable
 .rodata.APBPrescTable
                0x0000000008005c64        0x8 ./Core/Src/system_stm32f1xx.o
                0x0000000008005c64                APBPrescTable
 .rodata._global_impure_ptr
                0x0000000008005c6c        0x4 c:/st/stm32cubeide_1.9.0/stm32cubeide/plugins/com.st.stm32cube.ide.mcu.externaltools.gnu-tools-for-stm32.10.3-2021.10.win32_1.0.0.202111181127/tools/bin/../lib/gcc/arm-none-eabi/10.3.1/../../../../arm-none-eabi/lib/thumb/v7-m/nofp\libc_nano.a(lib_a-impure.o)
                0x0000000008005c6c                _global_impure_ptr
 .rodata.__sf_fake_stderr
                0x0000000008005c70       0x20 c:/st/stm32cubeide_1.9.0/stm32cubeide/plugins/com.st.stm32cube.ide.mcu.externaltools.gnu-tools-for-stm32.10.3-2021.10.win32_1.0.0.202111181127/tools/bin/../lib/gcc/arm-none-eabi/10.3.1/../../../../arm-none-eabi/lib/thumb/v7-m/nofp\libc_nano.a(lib_a-findfp.o)
                0x0000000008005c70                __sf_fake_stderr
 .rodata.__sf_fake_stdin
                0x0000000008005c90       0x20 c:/st/stm32cubeide_1.9.0/stm32cubeide/plugins/com.st.stm32cube.ide.mcu.externaltools.gnu-tools-for-stm32.10.3-2021.10.win32_1.0.0.202111181127/tools/bin/../lib/gcc/arm-none-eabi/10.3.1/../../../../arm-none-eabi/lib/thumb/v7-m/nofp\libc_nano.a(lib_a-findfp.o)
                0x0000000008005c90                __sf_fake_stdin
 .rodata.__sf_fake_stdout
                0x0000000008005cb0       0x20 c:/st/stm32cubeide_1.9.0/stm32cubeide/plugins/com.st.stm32cube.ide.mcu.externaltools.gnu-tools-for-stm32.10.3-2021.10.win32_1.0.0.202111181127/tools/bin/../lib/gcc/arm-none-eabi/10.3.1/../../../../arm-none-eabi/lib/thumb/v7-m/nofp\libc_nano.a(lib_a-findfp.o)
                0x0000000008005cb0                __sf_fake_stdout
 .rodata._svfprintf_r.str1.1
                0x0000000008005cd0       0x11 c:/st/stm32cubeide_1.9.0/stm32cubeide/plugins/com.st.stm32cube.ide.mcu.externaltools.gnu-tools-for-stm32.10.3-2021.10.win32_1.0.0.202111181127/tools/bin/../lib/gcc/arm-none-eabi/10.3.1/../../../../arm-none-eabi/lib/thumb/v7-m/nofp\libc_nano.a(lib_a-nano-svfprintf.o)
 .rodata._vfprintf_r.str1.1
                0x0000000008005ce1       0x11 c:/st/stm32cubeide_1.9.0/stm32cubeide/plugins/com.st.stm32cube.ide.mcu.externaltools.gnu-tools-for-stm32.10.3-2021.10.win32_1.0.0.202111181127/tools/bin/../lib/gcc/arm-none-eabi/10.3.1/../../../../arm-none-eabi/lib/thumb/v7-m/nofp\libc_nano.a(lib_a-nano-vfprintf.o)
 .rodata._printf_i.str1.1
                0x0000000008005ce1       0x22 c:/st/stm32cubeide_1.9.0/stm32cubeide/plugins/com.st.stm32cube.ide.mcu.externaltools.gnu-tools-for-stm32.10.3-2021.10.win32_1.0.0.202111181127/tools/bin/../lib/gcc/arm-none-eabi/10.3.1/../../../../arm-none-eabi/lib/thumb/v7-m/nofp\libc_nano.a(lib_a-nano-vfprintf_i.o)
                0x0000000008005d04                . = ALIGN (0x4)
 *fill*         0x0000000008005d03        0x1 

.rel.dyn        0x0000000008005d04        0x0
 .rel.iplt      0x0000000008005d04        0x0 c:/st/stm32cubeide_1.9.0/stm32cubeide/plugins/com.st.stm32cube.ide.mcu.externaltools.gnu-tools-for-stm32.10.3-2021.10.win32_1.0.0.202111181127/tools/bin/../lib/gcc/arm-none-eabi/10.3.1/thumb/v7-m/nofp/crtbegin.o

.ARM.extab      0x0000000008005d04        0x0
                0x0000000008005d04                . = ALIGN (0x4)
 *(.ARM.extab* .gnu.linkonce.armextab.*)
                0x0000000008005d04                . = ALIGN (0x4)

.ARM            0x0000000008005d04        0x0
                0x0000000008005d04                . = ALIGN (0x4)
                0x0000000008005d04                __exidx_start = .
 *(.ARM.exidx*)
                0x0000000008005d04                __exidx_end = .
                0x0000000008005d04                . = ALIGN (0x4)

.preinit_array  0x0000000008005d04        0x0
                0x0000000008005d04                . = ALIGN (0x4)
                0x0000000008005d04                PROVIDE (__preinit_array_start = .)
 *(.preinit_array*)
                0x0000000008005d04                PROVIDE (__preinit_array_end = .)
                0x0000000008005d04                . = ALIGN (0x4)

.init_array     0x0000000008005d04        0x4
                0x0000000008005d04                . = ALIGN (0x4)
                0x0000000008005d04                PROVIDE (__init_array_start = .)
 *(SORT_BY_NAME(.init_array.*))
 *(.init_array*)
 .init_array    0x0000000008005d04        0x4 c:/st/stm32cubeide_1.9.0/stm32cubeide/plugins/com.st.stm32cube.ide.mcu.externaltools.gnu-tools-for-stm32.10.3-2021.10.win32_1.0.0.202111181127/tools/bin/../lib/gcc/arm-none-eabi/10.3.1/thumb/v7-m/nofp/crtbegin.o
                0x0000000008005d08                PROVIDE (__init_array_end = .)
                0x0000000008005d08                . = ALIGN (0x4)

.fini_array     0x0000000008005d08        0x4
                0x0000000008005d08                . = ALIGN (0x4)
                [!provide]                        PROVIDE (__fini_array_start = .)
 *(SORT_BY_NAME(.fini_array.*))
 *(.fini_array*)
 .fini_array    0x0000000008005d08        0x4 c:/st/stm32cubeide_1.9.0/stm32cubeide/plugins/com.st.stm32cube.ide.mcu.externaltools.gnu-tools-for-stm32.10.3-2021.10.win32_1.0.0.202111181127/tools/bin/../lib/gcc/arm-none-eabi/10.3.1/thumb/v7-m/nofp/crtbegin.o
                [!provide]                        PROVIDE (__fini_array_end = .)
                0x0000000008005d0c                . = ALIGN (0x4)
                0x0000000008005d0c                _sidata = LOADADDR (.data)

.data           0x0000000020000000       0x70 load address 0x0000000008005d0c
                0x0000000020000000                . = ALIGN (0x4)
                0x0000000020000000                _sdata = .
 *(.data)
 *(.data*)
 .data.SystemCoreClock
                0x0000000020000000        0x4 ./Core/Src/system_stm32f1xx.o
                0x0000000020000000                SystemCoreClock
 .data.uwTickPrio
                0x0000000020000004        0x4 ./Drivers/STM32F1xx_HAL_Driver/Src/stm32f1xx_hal.o
                0x0000000020000004                uwTickPrio
 .data.uwTickFreq
                0x0000000020000008        0x1 ./Drivers/STM32F1xx_HAL_Driver/Src/stm32f1xx_hal.o
                0x0000000020000008                uwTickFreq
 *fill*         0x0000000020000009        0x3 
 .data._impure_ptr
                0x000000002000000c        0x4 c:/st/stm32cubeide_1.9.0/stm32cubeide/plugins/com.st.stm32cube.ide.mcu.externaltools.gnu-tools-for-stm32.10.3-2021.10.win32_1.0.0.202111181127/tools/bin/../lib/gcc/arm-none-eabi/10.3.1/../../../../arm-none-eabi/lib/thumb/v7-m/nofp\libc_nano.a(lib_a-impure.o)
                0x000000002000000c                _impure_ptr
 .data.impure_data
                0x0000000020000010       0x60 c:/st/stm32cubeide_1.9.0/stm32cubeide/plugins/com.st.stm32cube.ide.mcu.externaltools.gnu-tools-for-stm32.10.3-2021.10.win32_1.0.0.202111181127/tools/bin/../lib/gcc/arm-none-eabi/10.3.1/../../../../arm-none-eabi/lib/thumb/v7-m/nofp\libc_nano.a(lib_a-impure.o)
 *(.RamFunc)
 *(.RamFunc*)
                0x0000000020000070                . = ALIGN (0x4)
                0x0000000020000070                _edata = .

.igot.plt       0x0000000020000070        0x0 load address 0x0000000008005d7c
 .igot.plt      0x0000000020000070        0x0 c:/st/stm32cubeide_1.9.0/stm32cubeide/plugins/com.st.stm32cube.ide.mcu.externaltools.gnu-tools-for-stm32.10.3-2021.10.win32_1.0.0.202111181127/tools/bin/../lib/gcc/arm-none-eabi/10.3.1/thumb/v7-m/nofp/crtbegin.o
                0x0000000020000070                . = ALIGN (0x4)

.bss            0x0000000020000070      0x570 load address 0x0000000008005d7c
                0x0000000020000070                _sbss = .
                0x0000000020000070                __bss_start__ = _sbss
 *(.bss)
 .bss           0x0000000020000070       0x1c c:/st/stm32cubeide_1.9.0/stm32cubeide/plugins/com.st.stm32cube.ide.mcu.externaltools.gnu-tools-for-stm32.10.3-2021.10.win32_1.0.0.202111181127/tools/bin/../lib/gcc/arm-none-eabi/10.3.1/thumb/v7-m/nofp/crtbegin.o
 *(.bss*)
 .bss.usart2_txbuf
                0x000000002000008c      0x100 ./Core/Src/esp8266_at.o
                0x000000002000008c                usart2_txbuf
 .bss.usart2_rxbuf
                0x000000002000018c      0x200 ./Core/Src/esp8266_at.o
                0x000000002000018c                usart2_rxbuf
 .bss.usart2_rxone
                0x000000002000038c        0x1 ./Core/Src/esp8266_at.o
                0x000000002000038c                usart2_rxone
 .bss.usart2_rxcounter
                0x000000002000038d        0x1 ./Core/Src/esp8266_at.o
                0x000000002000038d                usart2_rxcounter
 .bss.MQTT_TxLen
                0x000000002000038e        0x2 ./Core/Src/esp8266_mqtt.o
                0x000000002000038e                MQTT_TxLen
 .bss.id.0      0x0000000020000390        0x2 ./Core/Src/esp8266_mqtt.o
 *fill*         0x0000000020000392        0x2 
 .bss.temphumTypedef
                0x0000000020000394       0x16 ./Core/Src/hal_temp_hum.o
                0x0000000020000394                temphumTypedef
 *fill*         0x00000000200003aa        0x2 
 .bss.mqtt_message
                0x00000000200003ac      0x12c ./Core/Src/main.o
                0x00000000200003ac                mqtt_message
 .bss.temp_str  0x00000000200004d8       0x1e ./Core/Src/main.o
                0x00000000200004d8                temp_str
 .bss.ledstatus.1
                0x00000000200004f6        0x1 ./Core/Src/main.o
 *fill*         0x00000000200004f7        0x1 
 .bss.__sbrk_heap_end
                0x00000000200004f8        0x4 ./Core/Src/sysmem.o
 .bss.htim1     0x00000000200004fc       0x48 ./Core/Src/tim.o
                0x00000000200004fc                htim1
 .bss.huart1    0x0000000020000544       0x44 ./Core/Src/usart.o
                0x0000000020000544                huart1
 .bss.huart2    0x0000000020000588       0x44 ./Core/Src/usart.o
                0x0000000020000588                huart2
 .bss.uwTick    0x00000000200005cc        0x4 ./Drivers/STM32F1xx_HAL_Driver/Src/stm32f1xx_hal.o
                0x00000000200005cc                uwTick
 .bss.__lock___malloc_recursive_mutex
                0x00000000200005d0        0x1 c:/st/stm32cubeide_1.9.0/stm32cubeide/plugins/com.st.stm32cube.ide.mcu.externaltools.gnu-tools-for-stm32.10.3-2021.10.win32_1.0.0.202111181127/tools/bin/../lib/gcc/arm-none-eabi/10.3.1/../../../../arm-none-eabi/lib/thumb/v7-m/nofp\libc_nano.a(lib_a-lock.o)
                0x00000000200005d0                __lock___malloc_recursive_mutex
 .bss.__lock___sfp_recursive_mutex
                0x00000000200005d1        0x1 c:/st/stm32cubeide_1.9.0/stm32cubeide/plugins/com.st.stm32cube.ide.mcu.externaltools.gnu-tools-for-stm32.10.3-2021.10.win32_1.0.0.202111181127/tools/bin/../lib/gcc/arm-none-eabi/10.3.1/../../../../arm-none-eabi/lib/thumb/v7-m/nofp\libc_nano.a(lib_a-lock.o)
                0x00000000200005d1                __lock___sfp_recursive_mutex
 .bss.__lock___sinit_recursive_mutex
                0x00000000200005d2        0x1 c:/st/stm32cubeide_1.9.0/stm32cubeide/plugins/com.st.stm32cube.ide.mcu.externaltools.gnu-tools-for-stm32.10.3-2021.10.win32_1.0.0.202111181127/tools/bin/../lib/gcc/arm-none-eabi/10.3.1/../../../../arm-none-eabi/lib/thumb/v7-m/nofp\libc_nano.a(lib_a-lock.o)
                0x00000000200005d2                __lock___sinit_recursive_mutex
 *fill*         0x00000000200005d3        0x1 
 .bss.__malloc_free_list
                0x00000000200005d4        0x4 c:/st/stm32cubeide_1.9.0/stm32cubeide/plugins/com.st.stm32cube.ide.mcu.externaltools.gnu-tools-for-stm32.10.3-2021.10.win32_1.0.0.202111181127/tools/bin/../lib/gcc/arm-none-eabi/10.3.1/../../../../arm-none-eabi/lib/thumb/v7-m/nofp\libc_nano.a(lib_a-nano-mallocr.o)
                0x00000000200005d4                __malloc_free_list
 .bss.__malloc_sbrk_start
                0x00000000200005d8        0x4 c:/st/stm32cubeide_1.9.0/stm32cubeide/plugins/com.st.stm32cube.ide.mcu.externaltools.gnu-tools-for-stm32.10.3-2021.10.win32_1.0.0.202111181127/tools/bin/../lib/gcc/arm-none-eabi/10.3.1/../../../../arm-none-eabi/lib/thumb/v7-m/nofp\libc_nano.a(lib_a-nano-mallocr.o)
                0x00000000200005d8                __malloc_sbrk_start
 .bss.errno     0x00000000200005dc        0x4 c:/st/stm32cubeide_1.9.0/stm32cubeide/plugins/com.st.stm32cube.ide.mcu.externaltools.gnu-tools-for-stm32.10.3-2021.10.win32_1.0.0.202111181127/tools/bin/../lib/gcc/arm-none-eabi/10.3.1/../../../../arm-none-eabi/lib/thumb/v7-m/nofp\libc_nano.a(lib_a-reent.o)
                0x00000000200005dc                errno
 *(COMMON)
                0x00000000200005e0                . = ALIGN (0x4)
                0x00000000200005e0                _ebss = .
                0x00000000200005e0                __bss_end__ = _ebss

._user_heap_stack
                0x00000000200005e0      0x600 load address 0x0000000008005d7c
                0x00000000200005e0                . = ALIGN (0x8)
                [!provide]                        PROVIDE (end = .)
                0x00000000200005e0                PROVIDE (_end = .)
                0x00000000200007e0                . = (. + _Min_Heap_Size)
 *fill*         0x00000000200005e0      0x200 
                0x0000000020000be0                . = (. + _Min_Stack_Size)
 *fill*         0x00000000200007e0      0x400 
                0x0000000020000be0                . = ALIGN (0x8)

/DISCARD/
 libc.a(*)
 libm.a(*)
 libgcc.a(*)

.ARM.attributes
                0x0000000000000000       0x29
 *(.ARM.attributes)
 .ARM.attributes
                0x0000000000000000       0x1d c:/st/stm32cubeide_1.9.0/stm32cubeide/plugins/com.st.stm32cube.ide.mcu.externaltools.gnu-tools-for-stm32.10.3-2021.10.win32_1.0.0.202111181127/tools/bin/../lib/gcc/arm-none-eabi/10.3.1/thumb/v7-m/nofp/crti.o
 .ARM.attributes
                0x000000000000001d       0x2d c:/st/stm32cubeide_1.9.0/stm32cubeide/plugins/com.st.stm32cube.ide.mcu.externaltools.gnu-tools-for-stm32.10.3-2021.10.win32_1.0.0.202111181127/tools/bin/../lib/gcc/arm-none-eabi/10.3.1/thumb/v7-m/nofp/crtbegin.o
 .ARM.attributes
                0x000000000000004a       0x2d ./Core/Src/esp8266_at.o
 .ARM.attributes
                0x0000000000000077       0x2d ./Core/Src/esp8266_mqtt.o
 .ARM.attributes
                0x00000000000000a4       0x2d ./Core/Src/gpio.o
 .ARM.attributes
                0x00000000000000d1       0x2d ./Core/Src/hal_temp_hum.o
 .ARM.attributes
                0x00000000000000fe       0x2d ./Core/Src/main.o
 .ARM.attributes
                0x000000000000012b       0x2d ./Core/Src/stm32f1xx_hal_msp.o
 .ARM.attributes
                0x0000000000000158       0x2d ./Core/Src/stm32f1xx_it.o
 .ARM.attributes
                0x0000000000000185       0x2d ./Core/Src/syscalls.o
 .ARM.attributes
                0x00000000000001b2       0x2d ./Core/Src/sysmem.o
 .ARM.attributes
                0x00000000000001df       0x2d ./Core/Src/system_stm32f1xx.o
 .ARM.attributes
                0x000000000000020c       0x2d ./Core/Src/tim.o
 .ARM.attributes
                0x0000000000000239       0x2d ./Core/Src/usart.o
 .ARM.attributes
                0x0000000000000266       0x21 ./Core/Startup/startup_stm32f103rbtx.o
 .ARM.attributes
                0x0000000000000287       0x2d ./Drivers/STM32F1xx_HAL_Driver/Src/stm32f1xx_hal.o
 .ARM.attributes
                0x00000000000002b4       0x2d ./Drivers/STM32F1xx_HAL_Driver/Src/stm32f1xx_hal_cortex.o
 .ARM.attributes
                0x00000000000002e1       0x2d ./Drivers/STM32F1xx_HAL_Driver/Src/stm32f1xx_hal_dma.o
 .ARM.attributes
                0x000000000000030e       0x2d ./Drivers/STM32F1xx_HAL_Driver/Src/stm32f1xx_hal_gpio.o
 .ARM.attributes
                0x000000000000033b       0x2d ./Drivers/STM32F1xx_HAL_Driver/Src/stm32f1xx_hal_rcc.o
 .ARM.attributes
                0x0000000000000368       0x2d ./Drivers/STM32F1xx_HAL_Driver/Src/stm32f1xx_hal_tim.o
 .ARM.attributes
                0x0000000000000395       0x2d ./Drivers/STM32F1xx_HAL_Driver/Src/stm32f1xx_hal_tim_ex.o
 .ARM.attributes
                0x00000000000003c2       0x2d ./Drivers/STM32F1xx_HAL_Driver/Src/stm32f1xx_hal_uart.o
 .ARM.attributes
                0x00000000000003ef       0x2d c:/st/stm32cubeide_1.9.0/stm32cubeide/plugins/com.st.stm32cube.ide.mcu.externaltools.gnu-tools-for-stm32.10.3-2021.10.win32_1.0.0.202111181127/tools/bin/../lib/gcc/arm-none-eabi/10.3.1/../../../../arm-none-eabi/lib/thumb/v7-m/nofp\libc_nano.a(lib_a-errno.o)
 .ARM.attributes
                0x000000000000041c       0x2d c:/st/stm32cubeide_1.9.0/stm32cubeide/plugins/com.st.stm32cube.ide.mcu.externaltools.gnu-tools-for-stm32.10.3-2021.10.win32_1.0.0.202111181127/tools/bin/../lib/gcc/arm-none-eabi/10.3.1/../../../../arm-none-eabi/lib/thumb/v7-m/nofp\libc_nano.a(lib_a-impure.o)
 .ARM.attributes
                0x0000000000000449       0x2d c:/st/stm32cubeide_1.9.0/stm32cubeide/plugins/com.st.stm32cube.ide.mcu.externaltools.gnu-tools-for-stm32.10.3-2021.10.win32_1.0.0.202111181127/tools/bin/../lib/gcc/arm-none-eabi/10.3.1/../../../../arm-none-eabi/lib/thumb/v7-m/nofp\libc_nano.a(lib_a-init.o)
 .ARM.attributes
                0x0000000000000476       0x2d c:/st/stm32cubeide_1.9.0/stm32cubeide/plugins/com.st.stm32cube.ide.mcu.externaltools.gnu-tools-for-stm32.10.3-2021.10.win32_1.0.0.202111181127/tools/bin/../lib/gcc/arm-none-eabi/10.3.1/../../../../arm-none-eabi/lib/thumb/v7-m/nofp\libc_nano.a(lib_a-memcpy-stub.o)
 .ARM.attributes
                0x00000000000004a3       0x2d c:/st/stm32cubeide_1.9.0/stm32cubeide/plugins/com.st.stm32cube.ide.mcu.externaltools.gnu-tools-for-stm32.10.3-2021.10.win32_1.0.0.202111181127/tools/bin/../lib/gcc/arm-none-eabi/10.3.1/../../../../arm-none-eabi/lib/thumb/v7-m/nofp\libc_nano.a(lib_a-memset.o)
 .ARM.attributes
                0x00000000000004d0       0x2d c:/st/stm32cubeide_1.9.0/stm32cubeide/plugins/com.st.stm32cube.ide.mcu.externaltools.gnu-tools-for-stm32.10.3-2021.10.win32_1.0.0.202111181127/tools/bin/../lib/gcc/arm-none-eabi/10.3.1/../../../../arm-none-eabi/lib/thumb/v7-m/nofp\libc_nano.a(lib_a-printf.o)
 .ARM.attributes
                0x00000000000004fd       0x2d c:/st/stm32cubeide_1.9.0/stm32cubeide/plugins/com.st.stm32cube.ide.mcu.externaltools.gnu-tools-for-stm32.10.3-2021.10.win32_1.0.0.202111181127/tools/bin/../lib/gcc/arm-none-eabi/10.3.1/../../../../arm-none-eabi/lib/thumb/v7-m/nofp\libc_nano.a(lib_a-puts.o)
 .ARM.attributes
                0x000000000000052a       0x2d c:/st/stm32cubeide_1.9.0/stm32cubeide/plugins/com.st.stm32cube.ide.mcu.externaltools.gnu-tools-for-stm32.10.3-2021.10.win32_1.0.0.202111181127/tools/bin/../lib/gcc/arm-none-eabi/10.3.1/../../../../arm-none-eabi/lib/thumb/v7-m/nofp\libc_nano.a(lib_a-sprintf.o)
 .ARM.attributes
                0x0000000000000557       0x1b c:/st/stm32cubeide_1.9.0/stm32cubeide/plugins/com.st.stm32cube.ide.mcu.externaltools.gnu-tools-for-stm32.10.3-2021.10.win32_1.0.0.202111181127/tools/bin/../lib/gcc/arm-none-eabi/10.3.1/../../../../arm-none-eabi/lib/thumb/v7-m/nofp\libc_nano.a(lib_a-strcmp.o)
 .ARM.attributes
                0x0000000000000572       0x17 c:/st/stm32cubeide_1.9.0/stm32cubeide/plugins/com.st.stm32cube.ide.mcu.externaltools.gnu-tools-for-stm32.10.3-2021.10.win32_1.0.0.202111181127/tools/bin/../lib/gcc/arm-none-eabi/10.3.1/../../../../arm-none-eabi/lib/thumb/v7-m/nofp\libc_nano.a(lib_a-strlen.o)
 .ARM.attributes
                0x0000000000000589       0x2d c:/st/stm32cubeide_1.9.0/stm32cubeide/plugins/com.st.stm32cube.ide.mcu.externaltools.gnu-tools-for-stm32.10.3-2021.10.win32_1.0.0.202111181127/tools/bin/../lib/gcc/arm-none-eabi/10.3.1/../../../../arm-none-eabi/lib/thumb/v7-m/nofp\libc_nano.a(lib_a-strstr.o)
 .ARM.attributes
                0x00000000000005b6       0x2d c:/st/stm32cubeide_1.9.0/stm32cubeide/plugins/com.st.stm32cube.ide.mcu.externaltools.gnu-tools-for-stm32.10.3-2021.10.win32_1.0.0.202111181127/tools/bin/../lib/gcc/arm-none-eabi/10.3.1/../../../../arm-none-eabi/lib/thumb/v7-m/nofp\libc_nano.a(lib_a-wbuf.o)
 .ARM.attributes
                0x00000000000005e3       0x2d c:/st/stm32cubeide_1.9.0/stm32cubeide/plugins/com.st.stm32cube.ide.mcu.externaltools.gnu-tools-for-stm32.10.3-2021.10.win32_1.0.0.202111181127/tools/bin/../lib/gcc/arm-none-eabi/10.3.1/../../../../arm-none-eabi/lib/thumb/v7-m/nofp\libc_nano.a(lib_a-wsetup.o)
 .ARM.attributes
                0x0000000000000610       0x2d c:/st/stm32cubeide_1.9.0/stm32cubeide/plugins/com.st.stm32cube.ide.mcu.externaltools.gnu-tools-for-stm32.10.3-2021.10.win32_1.0.0.202111181127/tools/bin/../lib/gcc/arm-none-eabi/10.3.1/../../../../arm-none-eabi/lib/thumb/v7-m/nofp\libc_nano.a(lib_a-fflush.o)
 .ARM.attributes
                0x000000000000063d       0x2d c:/st/stm32cubeide_1.9.0/stm32cubeide/plugins/com.st.stm32cube.ide.mcu.externaltools.gnu-tools-for-stm32.10.3-2021.10.win32_1.0.0.202111181127/tools/bin/../lib/gcc/arm-none-eabi/10.3.1/../../../../arm-none-eabi/lib/thumb/v7-m/nofp\libc_nano.a(lib_a-findfp.o)
 .ARM.attributes
                0x000000000000066a       0x2d c:/st/stm32cubeide_1.9.0/stm32cubeide/plugins/com.st.stm32cube.ide.mcu.externaltools.gnu-tools-for-stm32.10.3-2021.10.win32_1.0.0.202111181127/tools/bin/../lib/gcc/arm-none-eabi/10.3.1/../../../../arm-none-eabi/lib/thumb/v7-m/nofp\libc_nano.a(lib_a-fwalk.o)
 .ARM.attributes
                0x0000000000000697       0x2d c:/st/stm32cubeide_1.9.0/stm32cubeide/plugins/com.st.stm32cube.ide.mcu.externaltools.gnu-tools-for-stm32.10.3-2021.10.win32_1.0.0.202111181127/tools/bin/../lib/gcc/arm-none-eabi/10.3.1/../../../../arm-none-eabi/lib/thumb/v7-m/nofp\libc_nano.a(lib_a-lock.o)
 .ARM.attributes
                0x00000000000006c4       0x2d c:/st/stm32cubeide_1.9.0/stm32cubeide/plugins/com.st.stm32cube.ide.mcu.externaltools.gnu-tools-for-stm32.10.3-2021.10.win32_1.0.0.202111181127/tools/bin/../lib/gcc/arm-none-eabi/10.3.1/../../../../arm-none-eabi/lib/thumb/v7-m/nofp\libc_nano.a(lib_a-makebuf.o)
 .ARM.attributes
                0x00000000000006f1       0x2d c:/st/stm32cubeide_1.9.0/stm32cubeide/plugins/com.st.stm32cube.ide.mcu.externaltools.gnu-tools-for-stm32.10.3-2021.10.win32_1.0.0.202111181127/tools/bin/../lib/gcc/arm-none-eabi/10.3.1/../../../../arm-none-eabi/lib/thumb/v7-m/nofp\libc_nano.a(lib_a-nano-freer.o)
 .ARM.attributes
                0x000000000000071e       0x2d c:/st/stm32cubeide_1.9.0/stm32cubeide/plugins/com.st.stm32cube.ide.mcu.externaltools.gnu-tools-for-stm32.10.3-2021.10.win32_1.0.0.202111181127/tools/bin/../lib/gcc/arm-none-eabi/10.3.1/../../../../arm-none-eabi/lib/thumb/v7-m/nofp\libc_nano.a(lib_a-nano-mallocr.o)
 .ARM.attributes
                0x000000000000074b       0x2d c:/st/stm32cubeide_1.9.0/stm32cubeide/plugins/com.st.stm32cube.ide.mcu.externaltools.gnu-tools-for-stm32.10.3-2021.10.win32_1.0.0.202111181127/tools/bin/../lib/gcc/arm-none-eabi/10.3.1/../../../../arm-none-eabi/lib/thumb/v7-m/nofp\libc_nano.a(lib_a-nano-svfprintf.o)
 .ARM.attributes
                0x0000000000000778       0x2d c:/st/stm32cubeide_1.9.0/stm32cubeide/plugins/com.st.stm32cube.ide.mcu.externaltools.gnu-tools-for-stm32.10.3-2021.10.win32_1.0.0.202111181127/tools/bin/../lib/gcc/arm-none-eabi/10.3.1/../../../../arm-none-eabi/lib/thumb/v7-m/nofp\libc_nano.a(lib_a-nano-vfprintf.o)
 .ARM.attributes
                0x00000000000007a5       0x2d c:/st/stm32cubeide_1.9.0/stm32cubeide/plugins/com.st.stm32cube.ide.mcu.externaltools.gnu-tools-for-stm32.10.3-2021.10.win32_1.0.0.202111181127/tools/bin/../lib/gcc/arm-none-eabi/10.3.1/../../../../arm-none-eabi/lib/thumb/v7-m/nofp\libc_nano.a(lib_a-nano-vfprintf_i.o)
 .ARM.attributes
                0x00000000000007d2       0x2d c:/st/stm32cubeide_1.9.0/stm32cubeide/plugins/com.st.stm32cube.ide.mcu.externaltools.gnu-tools-for-stm32.10.3-2021.10.win32_1.0.0.202111181127/tools/bin/../lib/gcc/arm-none-eabi/10.3.1/../../../../arm-none-eabi/lib/thumb/v7-m/nofp\libc_nano.a(lib_a-sbrkr.o)
 .ARM.attributes
                0x00000000000007ff       0x2d c:/st/stm32cubeide_1.9.0/stm32cubeide/plugins/com.st.stm32cube.ide.mcu.externaltools.gnu-tools-for-stm32.10.3-2021.10.win32_1.0.0.202111181127/tools/bin/../lib/gcc/arm-none-eabi/10.3.1/../../../../arm-none-eabi/lib/thumb/v7-m/nofp\libc_nano.a(lib_a-stdio.o)
 .ARM.attributes
                0x000000000000082c       0x2d c:/st/stm32cubeide_1.9.0/stm32cubeide/plugins/com.st.stm32cube.ide.mcu.externaltools.gnu-tools-for-stm32.10.3-2021.10.win32_1.0.0.202111181127/tools/bin/../lib/gcc/arm-none-eabi/10.3.1/../../../../arm-none-eabi/lib/thumb/v7-m/nofp\libc_nano.a(lib_a-writer.o)
 .ARM.attributes
                0x0000000000000859       0x2d c:/st/stm32cubeide_1.9.0/stm32cubeide/plugins/com.st.stm32cube.ide.mcu.externaltools.gnu-tools-for-stm32.10.3-2021.10.win32_1.0.0.202111181127/tools/bin/../lib/gcc/arm-none-eabi/10.3.1/../../../../arm-none-eabi/lib/thumb/v7-m/nofp\libc_nano.a(lib_a-closer.o)
 .ARM.attributes
                0x0000000000000886       0x2d c:/st/stm32cubeide_1.9.0/stm32cubeide/plugins/com.st.stm32cube.ide.mcu.externaltools.gnu-tools-for-stm32.10.3-2021.10.win32_1.0.0.202111181127/tools/bin/../lib/gcc/arm-none-eabi/10.3.1/../../../../arm-none-eabi/lib/thumb/v7-m/nofp\libc_nano.a(lib_a-fstatr.o)
 .ARM.attributes
                0x00000000000008b3       0x2d c:/st/stm32cubeide_1.9.0/stm32cubeide/plugins/com.st.stm32cube.ide.mcu.externaltools.gnu-tools-for-stm32.10.3-2021.10.win32_1.0.0.202111181127/tools/bin/../lib/gcc/arm-none-eabi/10.3.1/../../../../arm-none-eabi/lib/thumb/v7-m/nofp\libc_nano.a(lib_a-isattyr.o)
 .ARM.attributes
                0x00000000000008e0       0x2d c:/st/stm32cubeide_1.9.0/stm32cubeide/plugins/com.st.stm32cube.ide.mcu.externaltools.gnu-tools-for-stm32.10.3-2021.10.win32_1.0.0.202111181127/tools/bin/../lib/gcc/arm-none-eabi/10.3.1/../../../../arm-none-eabi/lib/thumb/v7-m/nofp\libc_nano.a(lib_a-lseekr.o)
 .ARM.attributes
                0x000000000000090d       0x2d c:/st/stm32cubeide_1.9.0/stm32cubeide/plugins/com.st.stm32cube.ide.mcu.externaltools.gnu-tools-for-stm32.10.3-2021.10.win32_1.0.0.202111181127/tools/bin/../lib/gcc/arm-none-eabi/10.3.1/../../../../arm-none-eabi/lib/thumb/v7-m/nofp\libc_nano.a(lib_a-memchr-stub.o)
 .ARM.attributes
                0x000000000000093a       0x2d c:/st/stm32cubeide_1.9.0/stm32cubeide/plugins/com.st.stm32cube.ide.mcu.externaltools.gnu-tools-for-stm32.10.3-2021.10.win32_1.0.0.202111181127/tools/bin/../lib/gcc/arm-none-eabi/10.3.1/../../../../arm-none-eabi/lib/thumb/v7-m/nofp\libc_nano.a(lib_a-memmove.o)
 .ARM.attributes
                0x0000000000000967       0x2d c:/st/stm32cubeide_1.9.0/stm32cubeide/plugins/com.st.stm32cube.ide.mcu.externaltools.gnu-tools-for-stm32.10.3-2021.10.win32_1.0.0.202111181127/tools/bin/../lib/gcc/arm-none-eabi/10.3.1/../../../../arm-none-eabi/lib/thumb/v7-m/nofp\libc_nano.a(lib_a-mlock.o)
 .ARM.attributes
                0x0000000000000994       0x2d c:/st/stm32cubeide_1.9.0/stm32cubeide/plugins/com.st.stm32cube.ide.mcu.externaltools.gnu-tools-for-stm32.10.3-2021.10.win32_1.0.0.202111181127/tools/bin/../lib/gcc/arm-none-eabi/10.3.1/../../../../arm-none-eabi/lib/thumb/v7-m/nofp\libc_nano.a(lib_a-nano-reallocr.o)
 .ARM.attributes
                0x00000000000009c1       0x2d c:/st/stm32cubeide_1.9.0/stm32cubeide/plugins/com.st.stm32cube.ide.mcu.externaltools.gnu-tools-for-stm32.10.3-2021.10.win32_1.0.0.202111181127/tools/bin/../lib/gcc/arm-none-eabi/10.3.1/../../../../arm-none-eabi/lib/thumb/v7-m/nofp\libc_nano.a(lib_a-readr.o)
 .ARM.attributes
                0x00000000000009ee       0x2d c:/st/stm32cubeide_1.9.0/stm32cubeide/plugins/com.st.stm32cube.ide.mcu.externaltools.gnu-tools-for-stm32.10.3-2021.10.win32_1.0.0.202111181127/tools/bin/../lib/gcc/arm-none-eabi/10.3.1/../../../../arm-none-eabi/lib/thumb/v7-m/nofp\libc_nano.a(lib_a-reent.o)
 .ARM.attributes
                0x0000000000000a1b       0x2d c:/st/stm32cubeide_1.9.0/stm32cubeide/plugins/com.st.stm32cube.ide.mcu.externaltools.gnu-tools-for-stm32.10.3-2021.10.win32_1.0.0.202111181127/tools/bin/../lib/gcc/arm-none-eabi/10.3.1/../../../../arm-none-eabi/lib/thumb/v7-m/nofp\libc_nano.a(lib_a-nano-msizer.o)
 .ARM.attributes
                0x0000000000000a48       0x1d c:/st/stm32cubeide_1.9.0/stm32cubeide/plugins/com.st.stm32cube.ide.mcu.externaltools.gnu-tools-for-stm32.10.3-2021.10.win32_1.0.0.202111181127/tools/bin/../lib/gcc/arm-none-eabi/10.3.1/thumb/v7-m/nofp/crtn.o
OUTPUT(stm32f103rbt6.elf elf32-littlearm)
LOAD linker stubs
LOAD c:/st/stm32cubeide_1.9.0/stm32cubeide/plugins/com.st.stm32cube.ide.mcu.externaltools.gnu-tools-for-stm32.10.3-2021.10.win32_1.0.0.202111181127/tools/bin/../lib/gcc/arm-none-eabi/10.3.1/../../../../arm-none-eabi/lib/thumb/v7-m/nofp\libc.a
LOAD c:/st/stm32cubeide_1.9.0/stm32cubeide/plugins/com.st.stm32cube.ide.mcu.externaltools.gnu-tools-for-stm32.10.3-2021.10.win32_1.0.0.202111181127/tools/bin/../lib/gcc/arm-none-eabi/10.3.1/../../../../arm-none-eabi/lib/thumb/v7-m/nofp\libm.a
LOAD c:/st/stm32cubeide_1.9.0/stm32cubeide/plugins/com.st.stm32cube.ide.mcu.externaltools.gnu-tools-for-stm32.10.3-2021.10.win32_1.0.0.202111181127/tools/bin/../lib/gcc/arm-none-eabi/10.3.1/thumb/v7-m/nofp\libgcc.a

.debug_info     0x0000000000000000     0xd014
 .debug_info    0x0000000000000000      0x8d9 ./Core/Src/esp8266_at.o
 .debug_info    0x00000000000008d9      0x4ea ./Core/Src/esp8266_mqtt.o
 .debug_info    0x0000000000000dc3      0x48e ./Core/Src/gpio.o
 .debug_info    0x0000000000001251      0x4e7 ./Core/Src/hal_temp_hum.o
 .debug_info    0x0000000000001738      0xe43 ./Core/Src/main.o
 .debug_info    0x000000000000257b      0x210 ./Core/Src/stm32f1xx_hal_msp.o
 .debug_info    0x000000000000278b      0x644 ./Core/Src/stm32f1xx_it.o
 .debug_info    0x0000000000002dcf      0x6e0 ./Core/Src/syscalls.o
 .debug_info    0x00000000000034af      0x171 ./Core/Src/sysmem.o
 .debug_info    0x0000000000003620      0x23d ./Core/Src/system_stm32f1xx.o
 .debug_info    0x000000000000385d      0x8ae ./Core/Src/tim.o
 .debug_info    0x000000000000410b     0x1216 ./Core/Src/usart.o
 .debug_info    0x0000000000005321       0x22 ./Core/Startup/startup_stm32f103rbtx.o
 .debug_info    0x0000000000005343      0x734 ./Drivers/STM32F1xx_HAL_Driver/Src/stm32f1xx_hal.o
 .debug_info    0x0000000000005a77      0xb20 ./Drivers/STM32F1xx_HAL_Driver/Src/stm32f1xx_hal_cortex.o
 .debug_info    0x0000000000006597      0x73f ./Drivers/STM32F1xx_HAL_Driver/Src/stm32f1xx_hal_dma.o
 .debug_info    0x0000000000006cd6      0x615 ./Drivers/STM32F1xx_HAL_Driver/Src/stm32f1xx_hal_gpio.o
 .debug_info    0x00000000000072eb      0x860 ./Drivers/STM32F1xx_HAL_Driver/Src/stm32f1xx_hal_rcc.o
 .debug_info    0x0000000000007b4b     0x29de ./Drivers/STM32F1xx_HAL_Driver/Src/stm32f1xx_hal_tim.o
 .debug_info    0x000000000000a529     0x1513 ./Drivers/STM32F1xx_HAL_Driver/Src/stm32f1xx_hal_tim_ex.o
 .debug_info    0x000000000000ba3c     0x15d8 ./Drivers/STM32F1xx_HAL_Driver/Src/stm32f1xx_hal_uart.o

.debug_abbrev   0x0000000000000000     0x27bf
 .debug_abbrev  0x0000000000000000      0x264 ./Core/Src/esp8266_at.o
 .debug_abbrev  0x0000000000000264      0x1bb ./Core/Src/esp8266_mqtt.o
 .debug_abbrev  0x000000000000041f      0x152 ./Core/Src/gpio.o
 .debug_abbrev  0x0000000000000571      0x235 ./Core/Src/hal_temp_hum.o
 .debug_abbrev  0x00000000000007a6      0x343 ./Core/Src/main.o
 .debug_abbrev  0x0000000000000ae9       0xd4 ./Core/Src/stm32f1xx_hal_msp.o
 .debug_abbrev  0x0000000000000bbd      0x174 ./Core/Src/stm32f1xx_it.o
 .debug_abbrev  0x0000000000000d31      0x1b3 ./Core/Src/syscalls.o
 .debug_abbrev  0x0000000000000ee4       0xbb ./Core/Src/sysmem.o
 .debug_abbrev  0x0000000000000f9f      0x13b ./Core/Src/system_stm32f1xx.o
 .debug_abbrev  0x00000000000010da      0x1d9 ./Core/Src/tim.o
 .debug_abbrev  0x00000000000012b3      0x277 ./Core/Src/usart.o
 .debug_abbrev  0x000000000000152a       0x12 ./Core/Startup/startup_stm32f103rbtx.o
 .debug_abbrev  0x000000000000153c      0x1fb ./Drivers/STM32F1xx_HAL_Driver/Src/stm32f1xx_hal.o
 .debug_abbrev  0x0000000000001737      0x2ed ./Drivers/STM32F1xx_HAL_Driver/Src/stm32f1xx_hal_cortex.o
 .debug_abbrev  0x0000000000001a24      0x1fe ./Drivers/STM32F1xx_HAL_Driver/Src/stm32f1xx_hal_dma.o
 .debug_abbrev  0x0000000000001c22      0x1bb ./Drivers/STM32F1xx_HAL_Driver/Src/stm32f1xx_hal_gpio.o
 .debug_abbrev  0x0000000000001ddd      0x2a8 ./Drivers/STM32F1xx_HAL_Driver/Src/stm32f1xx_hal_rcc.o
 .debug_abbrev  0x0000000000002085      0x25d ./Drivers/STM32F1xx_HAL_Driver/Src/stm32f1xx_hal_tim.o
 .debug_abbrev  0x00000000000022e2      0x265 ./Drivers/STM32F1xx_HAL_Driver/Src/stm32f1xx_hal_tim_ex.o
 .debug_abbrev  0x0000000000002547      0x278 ./Drivers/STM32F1xx_HAL_Driver/Src/stm32f1xx_hal_uart.o

.debug_aranges  0x0000000000000000      0xea8
 .debug_aranges
                0x0000000000000000       0x78 ./Core/Src/esp8266_at.o
 .debug_aranges
                0x0000000000000078       0x50 ./Core/Src/esp8266_mqtt.o
 .debug_aranges
                0x00000000000000c8       0x20 ./Core/Src/gpio.o
 .debug_aranges
                0x00000000000000e8       0x68 ./Core/Src/hal_temp_hum.o
 .debug_aranges
                0x0000000000000150       0xb0 ./Core/Src/main.o
 .debug_aranges
                0x0000000000000200       0x20 ./Core/Src/stm32f1xx_hal_msp.o
 .debug_aranges
                0x0000000000000220       0x78 ./Core/Src/stm32f1xx_it.o
 .debug_aranges
                0x0000000000000298       0xa8 ./Core/Src/syscalls.o
 .debug_aranges
                0x0000000000000340       0x20 ./Core/Src/sysmem.o
 .debug_aranges
                0x0000000000000360       0x28 ./Core/Src/system_stm32f1xx.o
 .debug_aranges
                0x0000000000000388       0x38 ./Core/Src/tim.o
 .debug_aranges
                0x00000000000003c0       0x40 ./Core/Src/usart.o
 .debug_aranges
                0x0000000000000400       0x28 ./Core/Startup/startup_stm32f103rbtx.o
 .debug_aranges
                0x0000000000000428       0xe0 ./Drivers/STM32F1xx_HAL_Driver/Src/stm32f1xx_hal.o
 .debug_aranges
                0x0000000000000508      0x100 ./Drivers/STM32F1xx_HAL_Driver/Src/stm32f1xx_hal_cortex.o
 .debug_aranges
                0x0000000000000608       0x80 ./Drivers/STM32F1xx_HAL_Driver/Src/stm32f1xx_hal_dma.o
 .debug_aranges
                0x0000000000000688       0x58 ./Drivers/STM32F1xx_HAL_Driver/Src/stm32f1xx_hal_gpio.o
 .debug_aranges
                0x00000000000006e0       0x90 ./Drivers/STM32F1xx_HAL_Driver/Src/stm32f1xx_hal_rcc.o
 .debug_aranges
                0x0000000000000770      0x3d0 ./Drivers/STM32F1xx_HAL_Driver/Src/stm32f1xx_hal_tim.o
 .debug_aranges
                0x0000000000000b40      0x168 ./Drivers/STM32F1xx_HAL_Driver/Src/stm32f1xx_hal_tim_ex.o
 .debug_aranges
                0x0000000000000ca8      0x200 ./Drivers/STM32F1xx_HAL_Driver/Src/stm32f1xx_hal_uart.o

.debug_ranges   0x0000000000000000      0xda8
 .debug_ranges  0x0000000000000000       0x68 ./Core/Src/esp8266_at.o
 .debug_ranges  0x0000000000000068       0x40 ./Core/Src/esp8266_mqtt.o
 .debug_ranges  0x00000000000000a8       0x10 ./Core/Src/gpio.o
 .debug_ranges  0x00000000000000b8       0x58 ./Core/Src/hal_temp_hum.o
 .debug_ranges  0x0000000000000110       0xb8 ./Core/Src/main.o
 .debug_ranges  0x00000000000001c8       0x10 ./Core/Src/stm32f1xx_hal_msp.o
 .debug_ranges  0x00000000000001d8       0x68 ./Core/Src/stm32f1xx_it.o
 .debug_ranges  0x0000000000000240       0x98 ./Core/Src/syscalls.o
 .debug_ranges  0x00000000000002d8       0x10 ./Core/Src/sysmem.o
 .debug_ranges  0x00000000000002e8       0x18 ./Core/Src/system_stm32f1xx.o
 .debug_ranges  0x0000000000000300       0x28 ./Core/Src/tim.o
 .debug_ranges  0x0000000000000328       0x30 ./Core/Src/usart.o
 .debug_ranges  0x0000000000000358       0x20 ./Core/Startup/startup_stm32f103rbtx.o
 .debug_ranges  0x0000000000000378       0xd0 ./Drivers/STM32F1xx_HAL_Driver/Src/stm32f1xx_hal.o
 .debug_ranges  0x0000000000000448       0xf0 ./Drivers/STM32F1xx_HAL_Driver/Src/stm32f1xx_hal_cortex.o
 .debug_ranges  0x0000000000000538       0x70 ./Drivers/STM32F1xx_HAL_Driver/Src/stm32f1xx_hal_dma.o
 .debug_ranges  0x00000000000005a8       0x48 ./Drivers/STM32F1xx_HAL_Driver/Src/stm32f1xx_hal_gpio.o
 .debug_ranges  0x00000000000005f0       0x80 ./Drivers/STM32F1xx_HAL_Driver/Src/stm32f1xx_hal_rcc.o
 .debug_ranges  0x0000000000000670      0x3c0 ./Drivers/STM32F1xx_HAL_Driver/Src/stm32f1xx_hal_tim.o
 .debug_ranges  0x0000000000000a30      0x158 ./Drivers/STM32F1xx_HAL_Driver/Src/stm32f1xx_hal_tim_ex.o
 .debug_ranges  0x0000000000000b88      0x220 ./Drivers/STM32F1xx_HAL_Driver/Src/stm32f1xx_hal_uart.o

.debug_macro    0x0000000000000000    0x199e1
 .debug_macro   0x0000000000000000      0x34f ./Core/Src/esp8266_at.o
 .debug_macro   0x000000000000034f      0xa6c ./Core/Src/esp8266_at.o
 .debug_macro   0x0000000000000dbb      0x21b ./Core/Src/esp8266_at.o
 .debug_macro   0x0000000000000fd6       0x2e ./Core/Src/esp8266_at.o
 .debug_macro   0x0000000000001004       0x22 ./Core/Src/esp8266_at.o
 .debug_macro   0x0000000000001026       0x22 ./Core/Src/esp8266_at.o
 .debug_macro   0x0000000000001048       0x8e ./Core/Src/esp8266_at.o
 .debug_macro   0x00000000000010d6       0x51 ./Core/Src/esp8266_at.o
 .debug_macro   0x0000000000001127      0x103 ./Core/Src/esp8266_at.o
 .debug_macro   0x000000000000122a       0x6a ./Core/Src/esp8266_at.o
 .debug_macro   0x0000000000001294      0x1df ./Core/Src/esp8266_at.o
 .debug_macro   0x0000000000001473       0x1c ./Core/Src/esp8266_at.o
 .debug_macro   0x000000000000148f       0x22 ./Core/Src/esp8266_at.o
 .debug_macro   0x00000000000014b1       0xbd ./Core/Src/esp8266_at.o
 .debug_macro   0x000000000000156e      0xd23 ./Core/Src/esp8266_at.o
 .debug_macro   0x0000000000002291     0xe09e ./Core/Src/esp8266_at.o
 .debug_macro   0x000000000001032f       0x6d ./Core/Src/esp8266_at.o
 .debug_macro   0x000000000001039c     0x3468 ./Core/Src/esp8266_at.o
 .debug_macro   0x0000000000013804      0x174 ./Core/Src/esp8266_at.o
 .debug_macro   0x0000000000013978       0x5c ./Core/Src/esp8266_at.o
 .debug_macro   0x00000000000139d4      0x5be ./Core/Src/esp8266_at.o
 .debug_macro   0x0000000000013f92      0x289 ./Core/Src/esp8266_at.o
 .debug_macro   0x000000000001421b      0x1cb ./Core/Src/esp8266_at.o
 .debug_macro   0x00000000000143e6      0x114 ./Core/Src/esp8266_at.o
 .debug_macro   0x00000000000144fa      0x1b2 ./Core/Src/esp8266_at.o
 .debug_macro   0x00000000000146ac       0x27 ./Core/Src/esp8266_at.o
 .debug_macro   0x00000000000146d3      0x136 ./Core/Src/esp8266_at.o
 .debug_macro   0x0000000000014809      0x1bc ./Core/Src/esp8266_at.o
 .debug_macro   0x00000000000149c5       0x34 ./Core/Src/esp8266_at.o
 .debug_macro   0x00000000000149f9       0x3c ./Core/Src/esp8266_at.o
 .debug_macro   0x0000000000014a35       0x57 ./Core/Src/esp8266_at.o
 .debug_macro   0x0000000000014a8c       0x88 ./Core/Src/esp8266_at.o
 .debug_macro   0x0000000000014b14      0x241 ./Core/Src/esp8266_at.o
 .debug_macro   0x0000000000014d55      0x141 ./Core/Src/esp8266_at.o
 .debug_macro   0x0000000000014e96      0x8d1 ./Core/Src/esp8266_at.o
 .debug_macro   0x0000000000015767      0x279 ./Core/Src/esp8266_at.o
 .debug_macro   0x00000000000159e0       0x83 ./Core/Src/esp8266_at.o
 .debug_macro   0x0000000000015a63       0x5e ./Core/Src/esp8266_at.o
 .debug_macro   0x0000000000015ac1       0x52 ./Core/Src/esp8266_at.o
 .debug_macro   0x0000000000015b13       0x18 ./Core/Src/esp8266_at.o
 .debug_macro   0x0000000000015b2b       0x3c ./Core/Src/esp8266_at.o
 .debug_macro   0x0000000000015b67       0x34 ./Core/Src/esp8266_at.o
 .debug_macro   0x0000000000015b9b       0x16 ./Core/Src/esp8266_at.o
 .debug_macro   0x0000000000015bb1       0x43 ./Core/Src/esp8266_at.o
 .debug_macro   0x0000000000015bf4       0x34 ./Core/Src/esp8266_at.o
 .debug_macro   0x0000000000015c28       0x10 ./Core/Src/esp8266_at.o
 .debug_macro   0x0000000000015c38       0x58 ./Core/Src/esp8266_at.o
 .debug_macro   0x0000000000015c90       0x71 ./Core/Src/esp8266_at.o
 .debug_macro   0x0000000000015d01       0x1c ./Core/Src/esp8266_at.o
 .debug_macro   0x0000000000015d1d      0x12a ./Core/Src/esp8266_at.o
 .debug_macro   0x0000000000015e47      0x341 ./Core/Src/esp8266_at.o
 .debug_macro   0x0000000000016188       0x10 ./Core/Src/esp8266_at.o
 .debug_macro   0x0000000000016198       0x35 ./Core/Src/esp8266_at.o
 .debug_macro   0x00000000000161cd       0x20 ./Core/Src/esp8266_at.o
 .debug_macro   0x00000000000161ed       0x1c ./Core/Src/esp8266_at.o
 .debug_macro   0x0000000000016209       0x10 ./Core/Src/esp8266_at.o
 .debug_macro   0x0000000000016219       0x10 ./Core/Src/esp8266_at.o
 .debug_macro   0x0000000000016229       0x1c ./Core/Src/esp8266_at.o
 .debug_macro   0x0000000000016245       0x52 ./Core/Src/esp8266_at.o
 .debug_macro   0x0000000000016297       0x22 ./Core/Src/esp8266_at.o
 .debug_macro   0x00000000000162b9       0x10 ./Core/Src/esp8266_at.o
 .debug_macro   0x00000000000162c9       0x52 ./Core/Src/esp8266_at.o
 .debug_macro   0x000000000001631b       0xd5 ./Core/Src/esp8266_at.o
 .debug_macro   0x00000000000163f0       0x1c ./Core/Src/esp8266_at.o
 .debug_macro   0x000000000001640c       0x3d ./Core/Src/esp8266_at.o
 .debug_macro   0x0000000000016449       0x16 ./Core/Src/esp8266_at.o
 .debug_macro   0x000000000001645f      0x145 ./Core/Src/esp8266_at.o
 .debug_macro   0x00000000000165a4      0x35e ./Core/Src/esp8266_mqtt.o
 .debug_macro   0x0000000000016902       0x1c ./Core/Src/esp8266_mqtt.o
 .debug_macro   0x000000000001691e      0x1bc ./Core/Src/gpio.o
 .debug_macro   0x0000000000016ada       0x58 ./Core/Src/gpio.o
 .debug_macro   0x0000000000016b32      0x34e ./Core/Src/hal_temp_hum.o
 .debug_macro   0x0000000000016e80       0x4c ./Core/Src/hal_temp_hum.o
 .debug_macro   0x0000000000016ecc       0x94 ./Core/Src/hal_temp_hum.o
 .debug_macro   0x0000000000016f60       0x16 ./Core/Src/hal_temp_hum.o