../Core/Src/esp8266_at.c:11:13:USART2_SendOneByte	16	static
../Core/Src/esp8266_at.c:19:6:ESP8266_ATSendBuf	16	static
../Core/Src/esp8266_at.c:31:6:ESP8266_ATSendString	16	static
../Core/Src/esp8266_at.c:46:6:ESP8266_ExitUnvarnishedTrans	8	static
../Core/Src/esp8266_at.c:55:9:FindStr	24	static
../Core/Src/esp8266_at.c:70:9:ESP8266_Check	16	static
../Core/Src/esp8266_at.c:89:9:ESP8266_Init	8	static
../Core/Src/esp8266_at.c:118:6:ESP8266_Restore	8	static
../Core/Src/esp8266_at.c:136:9:ESP8266_ConnectAP	24	static
../Core/Src/esp8266_at.c:167:16:ESP8266_OpenTransmission	16	static
../Core/Src/esp8266_at.c:197:9:ESP8266_ConnectServer	40	static
../Core/Src/esp8266_at.c:243:9:DisconnectServer	16	static
