../Core/Src/hal_temp_hum.c:11:6:delayUs	16	static
../Core/Src/hal_temp_hum.c:17:6:DHT11_IO_OUT	24	static
../Core/Src/hal_temp_hum.c:26:6:DHT11_IO_IN	24	static
../Core/Src/hal_temp_hum.c:36:13:dht11Rst	8	static
../Core/Src/hal_temp_hum.c:45:16:dht11Check	16	static
../Core/Src/hal_temp_hum.c:78:16:dht11ReadBit	16	static
../Core/Src/hal_temp_hum.c:106:16:dht11ReadByte	16	static
../Core/Src/hal_temp_hum.c:119:16:dht11ReadData	32	static
../Core/Src/hal_temp_hum.c:144:9:dht11Read	24	static
../Core/Src/hal_temp_hum.c:217:9:dht11Init	8	static
