../Core/Src/main.c:104:5:main	16	static
../Core/Src/main.c:174:6:SystemClock_Config	72	static
../Core/Src/main.c:213:6:HAL_UART_RxCpltCallback	16	static
../Core/Src/main.c:229:6:KEY1_Pressed	8	static
../Core/Src/main.c:236:6:KEY2_Pressed	8	static
../Core/Src/main.c:242:6:HAL_GPIO_EXTI_Callback	16	static
../Core/Src/main.c:253:6:Change_LED_Status	8	static
../Core/Src/main.c:306:6:Enter_ErrorMode	16	static
../Core/Src/main.c:328:6:TEST_usart1	8	static
../Core/Src/main.c:335:6:TEST_LED	8	static
../Core/Src/main.c:355:6:TEST_delayus	8	static
../Core/Src/main.c:369:6:TEST_DHT11	16	static
../Core/Src/main.c:387:6:TEST_ES8266MQTT	16	static
../Core/Src/main.c:446:6:ES8266_MQTT_Init	16	static
../Core/Src/main.c:503:6:STM32DHT11_StatusReport	16	static
../Core/Src/main.c:525:6:ReadStrUnit	32	static
../Core/Src/main.c:534:5:GetSubStrPos	32	static
../Core/Src/main.c:558:6:deal_MQTT_message	544	static
../Core/Src/main.c:620:6:Error_Handler	4	static,ignoring_inline_asm
